Archive member included to satisfy reference by file (symbol)

/home/sobriodev/Documents/MCUXpresso_10.2.1_795/workspace/lpc_board_nxp_lpcxpresso_1347/Debug/liblpc_board_nxp_lpcxpresso_1347.a(board.o)
                              ./src/spi.o (Board_Init)
/home/sobriodev/Documents/MCUXpresso_10.2.1_795/workspace/lpc_board_nxp_lpcxpresso_1347/Debug/liblpc_board_nxp_lpcxpresso_1347.a(board_sysinit.o)
                              ./src/sysinit.o (Board_SystemInit)
/home/sobriodev/Documents/MCUXpresso_10.2.1_795/workspace/lpc_chip_13xx/Debug/liblpc_chip_13xx.a(chip_13xx.o)
                              ./src/spi.o (SystemCoreClockUpdate)
/home/sobriodev/Documents/MCUXpresso_10.2.1_795/workspace/lpc_chip_13xx/Debug/liblpc_chip_13xx.a(clock_13xx.o)
                              /home/sobriodev/Documents/MCUXpresso_10.2.1_795/workspace/lpc_chip_13xx/Debug/liblpc_chip_13xx.a(chip_13xx.o) (Chip_Clock_SetUSBPLLSource)
/home/sobriodev/Documents/MCUXpresso_10.2.1_795/workspace/lpc_chip_13xx/Debug/liblpc_chip_13xx.a(gpio_13xx_1.o)
                              /home/sobriodev/Documents/MCUXpresso_10.2.1_795/workspace/lpc_board_nxp_lpcxpresso_1347/Debug/liblpc_board_nxp_lpcxpresso_1347.a(board.o) (Chip_GPIO_Init)
/home/sobriodev/Documents/MCUXpresso_10.2.1_795/workspace/lpc_chip_13xx/Debug/liblpc_chip_13xx.a(iocon_13xx.o)
                              ./src/spi.o (Chip_IOCON_PinMuxSet)
/home/sobriodev/Documents/MCUXpresso_10.2.1_795/workspace/lpc_chip_13xx/Debug/liblpc_chip_13xx.a(ssp_13xx.o)
                              ./src/spi.o (Chip_SSP_SetClockRate)
/home/sobriodev/Documents/MCUXpresso_10.2.1_795/workspace/lpc_chip_13xx/Debug/liblpc_chip_13xx.a(sysctl_13xx.o)
                              /home/sobriodev/Documents/MCUXpresso_10.2.1_795/workspace/lpc_chip_13xx/Debug/liblpc_chip_13xx.a(chip_13xx.o) (Chip_SYSCTL_PowerUp)
/home/sobriodev/Documents/MCUXpresso_10.2.1_795/workspace/lpc_chip_13xx/Debug/liblpc_chip_13xx.a(sysinit_13xx.o)
                              /home/sobriodev/Documents/MCUXpresso_10.2.1_795/workspace/lpc_board_nxp_lpcxpresso_1347/Debug/liblpc_board_nxp_lpcxpresso_1347.a(board_sysinit.o) (Chip_SetupXtalClocking)
/home/sobriodev/Documents/MCUXpresso_10.2.1_795/workspace/lpc_chip_13xx/Debug/liblpc_chip_13xx.a(uart_13xx.o)
                              /home/sobriodev/Documents/MCUXpresso_10.2.1_795/workspace/lpc_board_nxp_lpcxpresso_1347/Debug/liblpc_board_nxp_lpcxpresso_1347.a(board.o) (Chip_UART_Init)
/home/sobriodev/Documents/MCUXpresso_10.2.1_795/workspace/lpc_chip_13xx/Debug/liblpc_chip_13xx.a(ring_buffer.o)
                              /home/sobriodev/Documents/MCUXpresso_10.2.1_795/workspace/lpc_chip_13xx/Debug/liblpc_chip_13xx.a(uart_13xx.o) (RingBuffer_Insert)
/usr/local/mcuxpressoide-10.2.1_795/ide/tools/bin/../lib/gcc/arm-none-eabi/7.2.1/../../../../arm-none-eabi/lib/thumb/v7-m/libcr_semihost.a(_cr__main.o)
                              ./src/cr_startup_lpc13uxx.o (__main)
/usr/local/mcuxpressoide-10.2.1_795/ide/tools/bin/../lib/gcc/arm-none-eabi/7.2.1/../../../../arm-none-eabi/lib/thumb/v7-m/libcr_c.a(memcpy.o)
                              /home/sobriodev/Documents/MCUXpresso_10.2.1_795/workspace/lpc_chip_13xx/Debug/liblpc_chip_13xx.a(ring_buffer.o) (memcpy)
/usr/local/mcuxpressoide-10.2.1_795/ide/tools/bin/../lib/gcc/arm-none-eabi/7.2.1/../../../../arm-none-eabi/lib/thumb/v7-m/libcr_c.a(fpprintf.o)
                              ./src/spi.o (printf)
/usr/local/mcuxpressoide-10.2.1_795/ide/tools/bin/../lib/gcc/arm-none-eabi/7.2.1/../../../../arm-none-eabi/lib/thumb/v7-m/libcr_c.a(initio.o)
                              /usr/local/mcuxpressoide-10.2.1_795/ide/tools/bin/../lib/gcc/arm-none-eabi/7.2.1/../../../../arm-none-eabi/lib/thumb/v7-m/libcr_semihost.a(_cr__main.o) (_initio)
/usr/local/mcuxpressoide-10.2.1_795/ide/tools/bin/../lib/gcc/arm-none-eabi/7.2.1/../../../../arm-none-eabi/lib/thumb/v7-m/libcr_c.a(printf.o)
                              /usr/local/mcuxpressoide-10.2.1_795/ide/tools/bin/../lib/gcc/arm-none-eabi/7.2.1/../../../../arm-none-eabi/lib/thumb/v7-m/libcr_c.a(fpprintf.o) (__vfprintf)
/usr/local/mcuxpressoide-10.2.1_795/ide/tools/bin/../lib/gcc/arm-none-eabi/7.2.1/../../../../arm-none-eabi/lib/thumb/v7-m/libcr_c.a(setvbuf.o)
                              /usr/local/mcuxpressoide-10.2.1_795/ide/tools/bin/../lib/gcc/arm-none-eabi/7.2.1/../../../../arm-none-eabi/lib/thumb/v7-m/libcr_c.a(initio.o) (setvbuf)
/usr/local/mcuxpressoide-10.2.1_795/ide/tools/bin/../lib/gcc/arm-none-eabi/7.2.1/../../../../arm-none-eabi/lib/thumb/v7-m/libcr_c.a(strlen.o)
                              /usr/local/mcuxpressoide-10.2.1_795/ide/tools/bin/../lib/gcc/arm-none-eabi/7.2.1/../../../../arm-none-eabi/lib/thumb/v7-m/libcr_c.a(printf.o) (strlen)
/usr/local/mcuxpressoide-10.2.1_795/ide/tools/bin/../lib/gcc/arm-none-eabi/7.2.1/../../../../arm-none-eabi/lib/thumb/v7-m/libcr_c.a(memset.o)
[...]
Memory Configuration

Name             Origin             Length             Attributes
MFlash64         0x0000000000000000 0x0000000000010000 xr
RamLoc8          0x0000000010000000 0x0000000000002000 xrw
RamUsb2          0x0000000020004000 0x0000000000000800 xrw
RamPeriph2       0x0000000020000000 0x0000000000000800 xrw
*default*        0x0000000000000000 0xffffffffffffffff

Linker script and memory map

LOAD ./src/bme280.o
LOAD ./src/cr_startup_lpc13uxx.o
LOAD ./src/crp.o
LOAD ./src/spi.o
LOAD ./src/sysinit.o
LOAD /home/sobriodev/Documents/MCUXpresso_10.2.1_795/workspace/lpc_board_nxp_lpcxpresso_1347/Debug/liblpc_board_nxp_lpcxpresso_1347.a
LOAD /home/sobriodev/Documents/MCUXpresso_10.2.1_795/workspace/lpc_chip_13xx/Debug/liblpc_chip_13xx.a
START GROUP
LOAD /usr/local/mcuxpressoide-10.2.1_795/ide/tools/bin/../lib/gcc/arm-none-eabi/7.2.1/../../../../arm-none-eabi/lib/thumb/v7-m/libcr_semihost.a
LOAD /usr/local/mcuxpressoide-10.2.1_795/ide/tools/bin/../lib/gcc/arm-none-eabi/7.2.1/../../../../arm-none-eabi/lib/thumb/v7-m/libcr_c.a
LOAD /usr/local/mcuxpressoide-10.2.1_795/ide/tools/bin/../lib/gcc/arm-none-eabi/7.2.1/thumb/v7-m/libcr_eabihelpers.a
END GROUP
                0x0000000000000000                __base_MFlash64 = 0x0
                0x0000000000000000                __base_Flash = 0x0
                0x0000000000010000                __top_MFlash64 = 0x10000
                0x0000000000010000                __top_Flash = 0x10000
                0x0000000010000000                __base_RamLoc8 = 0x10000000
                0x0000000010000000                __base_RAM = 0x10000000
                0x0000000010002000                __top_RamLoc8 = 0x10002000
                0x0000000010002000                __top_RAM = 0x10002000
                0x0000000020004000                __base_RamUsb2 = 0x20004000
                0x0000000020004000                __base_RAM2 = 0x20004000
                0x0000000020004800                __top_RamUsb2 = 0x20004800
                0x0000000020004800                __top_RAM2 = 0x20004800
                0x0000000020000000                __base_RamPeriph2 = 0x20000000
                0x0000000020000000                __base_RAM3 = 0x20000000
                0x0000000020000800                __top_RamPeriph2 = 0x20000800
                0x0000000020000800                __top_RAM3 = 0x20000800

.text           0x0000000000000000     0x3514
 FILL mask 0xff
                0x0000000000000000                __vectors_start__ = ABSOLUTE (.)
 *(.isr_vector)
 .isr_vector    0x0000000000000000       0xc0 ./src/cr_startup_lpc13uxx.o
                0x0000000000000000                g_pfnVectors
                0x00000000000000c0                . = ALIGN (0x4)
                0x00000000000000c0                __section_table_start = .
                0x00000000000000c0                __data_section_table = .
                0x00000000000000c0        0x4 LONG 0x3514 LOADADDR (.data)
                0x00000000000000c4        0x4 LONG 0x10000000 ADDR (.data)
                0x00000000000000c8        0x4 LONG 0x0 SIZEOF (.data)
                0x00000000000000cc        0x4 LONG 0x3514 LOADADDR (.data_RAM2)
                0x00000000000000d0        0x4 LONG 0x20004000 ADDR (.data_RAM2)
                0x00000000000000d4        0x4 LONG 0x0 SIZEOF (.data_RAM2)
                0x00000000000000d8        0x4 LONG 0x3514 LOADADDR (.data_RAM3)
                0x00000000000000dc        0x4 LONG 0x20000000 ADDR (.data_RAM3)
                0x00000000000000e0        0x4 LONG 0x0 SIZEOF (.data_RAM3)
                0x00000000000000e4                __data_section_table_end = .
                0x00000000000000e4                __bss_section_table = .
                0x00000000000000e4        0x4 LONG 0x10000000 ADDR (.bss)
                0x00000000000000e8        0x4 LONG 0x1f0 SIZEOF (.bss)
                0x00000000000000ec        0x4 LONG 0x20004000 ADDR (.bss_RAM2)
                0x00000000000000f0        0x4 LONG 0x0 SIZEOF (.bss_RAM2)
                0x00000000000000f4        0x4 LONG 0x20000000 ADDR (.bss_RAM3)
                0x00000000000000f8        0x4 LONG 0x0 SIZEOF (.bss_RAM3)
                0x00000000000000fc                __bss_section_table_end = .
                0x00000000000000fc                __section_table_end = .
 *(.after_vectors*)
 .after_vectors
                0x00000000000000fc      0x13c ./src/cr_startup_lpc13uxx.o
                0x00000000000000fc                data_init
                0x000000000000013e                bss_init
                0x0000000000000174                ResetISR
                0x00000000000001fc                NMI_Handler
                0x0000000000000202                HardFault_Handler
                0x0000000000000208                MemManage_Handler
                0x000000000000020e                BusFault_Handler
                0x0000000000000214                UsageFault_Handler
                0x000000000000021a                SVC_Handler
                0x0000000000000220                DebugMon_Handler
                0x0000000000000226                PendSV_Handler
                0x000000000000022c                SysTick_Handler
                0x0000000000000232                TIMER16_0_IRQHandler
                0x0000000000000232                RIT_IRQHandler
                0x0000000000000232                UART_IRQHandler
                0x0000000000000232                TIMER32_0_IRQHandler
                0x0000000000000232                TIMER32_1_IRQHandler
                0x0000000000000232                OSCFAIL_IRQHandler
                0x0000000000000232                PIN_INT6_IRQHandler
                0x0000000000000232                IntDefaultHandler
                0x0000000000000232                PIN_INT4_IRQHandler
                0x0000000000000232                SSP0_IRQHandler
                0x0000000000000232                USBWakeup_IRQHandler
                0x0000000000000232                PVTCIRCUIT_IRQHandler
                0x0000000000000232                PIN_INT5_IRQHandler
                0x0000000000000232                PIN_INT2_IRQHandler
                0x0000000000000232                TIMER16_1_IRQHandler
                0x0000000000000232                USB_FIQHandler
                0x0000000000000232                ADC_IRQHandler
                0x0000000000000232                SSP1_IRQHandler
                0x0000000000000232                PIN_INT7_IRQHandler
                0x0000000000000232                PIN_INT1_IRQHandler
                0x0000000000000232                USB_IRQHandler
                0x0000000000000232                BOD_IRQHandler
                0x0000000000000232                I2C_IRQHandler
                0x0000000000000232                WDT_IRQHandler
                0x0000000000000232                PIN_INT0_IRQHandler
                0x0000000000000232                GINT0_IRQHandler
                0x0000000000000232                PIN_INT3_IRQHandler
                0x0000000000000232                FMC_IRQHandler
                0x0000000000000232                GINT1_IRQHandler
                0x00000000000002fc                . = 0x2fc
 *fill*         0x0000000000000238       0xc4 ff
                0x00000000000002fc                PROVIDE (__CRP_WORD_START__, .)
 *(.crp)
 .crp           0x00000000000002fc        0x4 ./src/crp.o
                0x00000000000002fc                CRP_WORD
                0x0000000000000300                PROVIDE (__CRP_WORD_END__, .)
                0x0000000000000001                ASSERT (! ((__CRP_WORD_START__ == __CRP_WORD_END__)), Linker CRP Enabled, but no CRP_WORD provided within application)
 *(.text*)
 .text.Chip_SSP_Enable
                0x0000000000000300       0x1e ./src/spi.o
 .text.Chip_SSP_GetStatus
                0x000000000000031e       0x28 ./src/spi.o
 .text.Chip_SSP_SendFrame
                0x0000000000000346       0x1c ./src/spi.o
 .text.Chip_SSP_SetFormat
                0x0000000000000362       0x30 ./src/spi.o
 .text.Chip_GPIO_SetPinDIROutput
                0x0000000000000392       0x3c ./src/spi.o
 .text.Chip_GPIO_SetPinOutHigh
                0x00000000000003ce       0x30 ./src/spi.o
 .text.Chip_GPIO_SetPinOutLow
                0x00000000000003fe       0x30 ./src/spi.o
 .text.setSSELLow
                0x000000000000042e       0x14 ./src/spi.o
 .text.setSSELHigh
                0x0000000000000442       0x14 ./src/spi.o
 *fill*         0x0000000000000456        0x2 ff
 .text.sendFrame
                0x0000000000000458       0x6c ./src/spi.o
 .text.main     0x00000000000004c4       0x8c ./src/spi.o
                0x00000000000004c4                main
 .text.SystemInit
                0x0000000000000550        0xc ./src/sysinit.o
                0x0000000000000550                SystemInit
 .text.Board_LED_Init
                0x000000000000055c       0x16 /home/sobriodev/Documents/MCUXpresso_10.2.1_795/workspace/lpc_board_nxp_lpcxpresso_1347/Debug/liblpc_board_nxp_lpcxpresso_1347.a(board.o)
 .text.Board_Init
                0x0000000000000572       0x14 /home/sobriodev/Documents/MCUXpresso_10.2.1_795/workspace/lpc_board_nxp_lpcxpresso_1347/Debug/liblpc_board_nxp_lpcxpresso_1347.a(board.o)
                0x0000000000000572                Board_Init
 *fill*         0x0000000000000586        0x2 ff
 .text.Chip_SYSCTL_Map
                0x0000000000000588       0x20 /home/sobriodev/Documents/MCUXpresso_10.2.1_795/workspace/lpc_board_nxp_lpcxpresso_1347/Debug/liblpc_board_nxp_lpcxpresso_1347.a(board_sysinit.o)
 .text.Chip_Clock_EnablePeriphClock
                0x00000000000005a8       0x30 /home/sobriodev/Documents/MCUXpresso_10.2.1_795/workspace/lpc_board_nxp_lpcxpresso_1347/Debug/liblpc_board_nxp_lpcxpresso_1347.a(board_sysinit.o)
 .text.Chip_IOCON_SetPinMuxing
                0x00000000000005d8       0x4e /home/sobriodev/Documents/MCUXpresso_10.2.1_795/workspace/lpc_board_nxp_lpcxpresso_1347/Debug/liblpc_board_nxp_lpcxpresso_1347.a(board_sysinit.o)
 *fill*         0x0000000000000626        0x2 ff
 .text.Board_SetupMuxing
                0x0000000000000628       0x20 /home/sobriodev/Documents/MCUXpresso_10.2.1_795/workspace/lpc_board_nxp_lpcxpresso_1347/Debug/liblpc_board_nxp_lpcxpresso_1347.a(board_sysinit.o)
                0x0000000000000628                Board_SetupMuxing
 .text.Board_SetupClocking
                0x0000000000000648        0xc /home/sobriodev/Documents/MCUXpresso_10.2.1_795/workspace/lpc_board_nxp_lpcxpresso_1347/Debug/liblpc_board_nxp_lpcxpresso_1347.a(board_sysinit.o)
                0x0000000000000648                Board_SetupClocking
 .text.Board_SystemInit
                0x0000000000000654       0x16 /home/sobriodev/Documents/MCUXpresso_10.2.1_795/workspace/lpc_board_nxp_lpcxpresso_1347/Debug/liblpc_board_nxp_lpcxpresso_1347.a(board_sysinit.o)
                0x0000000000000654                Board_SystemInit
 *fill*         0x000000000000066a        0x2 ff
 .text.SystemCoreClockUpdate
                0x000000000000066c       0x18 /home/sobriodev/Documents/MCUXpresso_10.2.1_795/workspace/lpc_chip_13xx/Debug/liblpc_chip_13xx.a(chip_13xx.o)
                0x000000000000066c                SystemCoreClockUpdate
 .text.Chip_Clock_GetMainOscRate
                0x0000000000000684       0x14 /home/sobriodev/Documents/MCUXpresso_10.2.1_795/workspace/lpc_chip_13xx/Debug/liblpc_chip_13xx.a(clock_13xx.o)
 .text.Chip_Clock_GetIntOscRate
                0x0000000000000698       0x14 /home/sobriodev/Documents/MCUXpresso_10.2.1_795/workspace/lpc_chip_13xx/Debug/liblpc_chip_13xx.a(clock_13xx.o)
 .text.Chip_Clock_GetWDTLFORate
                0x00000000000006ac       0x3c /home/sobriodev/Documents/MCUXpresso_10.2.1_795/workspace/lpc_chip_13xx/Debug/liblpc_chip_13xx.a(clock_13xx.o)
 .text.Chip_Clock_GetPLLFreq
                0x00000000000006e8       0x26 /home/sobriodev/Documents/MCUXpresso_10.2.1_795/workspace/lpc_chip_13xx/Debug/liblpc_chip_13xx.a(clock_13xx.o)
 *fill*         0x000000000000070e        0x2 ff
 .text.Chip_Clock_SetSystemPLLSource
                0x0000000000000710       0x20 /home/sobriodev/Documents/MCUXpresso_10.2.1_795/workspace/lpc_chip_13xx/Debug/liblpc_chip_13xx.a(clock_13xx.o)
                0x0000000000000710                Chip_Clock_SetSystemPLLSource
 .text.Chip_Clock_SetMainClockSource
                0x0000000000000730       0x20 /home/sobriodev/Documents/MCUXpresso_10.2.1_795/workspace/lpc_chip_13xx/Debug/liblpc_chip_13xx.a(clock_13xx.o)
                0x0000000000000730                Chip_Clock_SetMainClockSource
 .text.Chip_Clock_GetWDTOSCRate
                0x0000000000000750       0x18 /home/sobriodev/Documents/MCUXpresso_10.2.1_795/workspace/lpc_chip_13xx/Debug/liblpc_chip_13xx.a(clock_13xx.o)
                0x0000000000000750                Chip_Clock_GetWDTOSCRate
 .text.Chip_Clock_GetSystemPLLInClockRate
                0x0000000000000768       0x3c /home/sobriodev/Documents/MCUXpresso_10.2.1_795/workspace/lpc_chip_13xx/Debug/liblpc_chip_13xx.a(clock_13xx.o)
                0x0000000000000768                Chip_Clock_GetSystemPLLInClockRate
 .text.Chip_Clock_GetSystemPLLOutClockRate
                0x00000000000007a4       0x20 /home/sobriodev/Documents/MCUXpresso_10.2.1_795/workspace/lpc_chip_13xx/Debug/liblpc_chip_13xx.a(clock_13xx.o)
                0x00000000000007a4                Chip_Clock_GetSystemPLLOutClockRate
 .text.Chip_Clock_GetMainClockRate
                0x00000000000007c4       0x60 /home/sobriodev/Documents/MCUXpresso_10.2.1_795/workspace/lpc_chip_13xx/Debug/liblpc_chip_13xx.a(clock_13xx.o)
                0x00000000000007c4                Chip_Clock_GetMainClockRate
 .text.Chip_Clock_GetSystemClockRate
                0x0000000000000824       0x1c /home/sobriodev/Documents/MCUXpresso_10.2.1_795/workspace/lpc_chip_13xx/Debug/liblpc_chip_13xx.a(clock_13xx.o)
                0x0000000000000824                Chip_Clock_GetSystemClockRate
 .text.Chip_Clock_EnablePeriphClock
                0x0000000000000840       0x30 /home/sobriodev/Documents/MCUXpresso_10.2.1_795/workspace/lpc_chip_13xx/Debug/liblpc_chip_13xx.a(gpio_13xx_1.o)
 .text.Chip_GPIO_Init
                0x0000000000000870       0x16 /home/sobriodev/Documents/MCUXpresso_10.2.1_795/workspace/lpc_chip_13xx/Debug/liblpc_chip_13xx.a(gpio_13xx_1.o)
                0x0000000000000870                Chip_GPIO_Init
 .text.Chip_GPIO_WriteDirBit
                0x0000000000000886       0x72 /home/sobriodev/Documents/MCUXpresso_10.2.1_795/workspace/lpc_chip_13xx/Debug/liblpc_chip_13xx.a(gpio_13xx_1.o)
                0x0000000000000886                Chip_GPIO_WriteDirBit
 .text.Chip_IOCON_PinMuxSet
                0x00000000000008f8       0x3a /home/sobriodev/Documents/MCUXpresso_10.2.1_795/workspace/lpc_chip_13xx/Debug/liblpc_chip_13xx.a(iocon_13xx.o)
                0x00000000000008f8                Chip_IOCON_PinMuxSet
 *fill*         0x0000000000000932        0x2 ff
 .text.Chip_SYSCTL_AssertPeriphReset
                0x0000000000000934       0x30 /home/sobriodev/Documents/MCUXpresso_10.2.1_795/workspace/lpc_chip_13xx/Debug/liblpc_chip_13xx.a(ssp_13xx.o)
 .text.Chip_SYSCTL_DeassertPeriphReset
                0x0000000000000964       0x2c /home/sobriodev/Documents/MCUXpresso_10.2.1_795/workspace/lpc_chip_13xx/Debug/liblpc_chip_13xx.a(ssp_13xx.o)
 .text.Chip_SYSCTL_PeriphReset
                0x0000000000000990       0x22 /home/sobriodev/Documents/MCUXpresso_10.2.1_795/workspace/lpc_chip_13xx/Debug/liblpc_chip_13xx.a(ssp_13xx.o)
 *fill*         0x00000000000009b2        0x2 ff
 .text.Chip_Clock_EnablePeriphClock
                0x00000000000009b4       0x30 /home/sobriodev/Documents/MCUXpresso_10.2.1_795/workspace/lpc_chip_13xx/Debug/liblpc_chip_13xx.a(ssp_13xx.o)
 .text.Chip_Clock_SetSSP0ClockDiv
                0x00000000000009e4       0x20 /home/sobriodev/Documents/MCUXpresso_10.2.1_795/workspace/lpc_chip_13xx/Debug/liblpc_chip_13xx.a(ssp_13xx.o)
 .text.Chip_Clock_GetSSP0ClockDiv
                0x0000000000000a04       0x18 /home/sobriodev/Documents/MCUXpresso_10.2.1_795/workspace/lpc_chip_13xx/Debug/liblpc_chip_13xx.a(ssp_13xx.o)
 .text.Chip_Clock_SetSSP1ClockDiv
                0x0000000000000a1c       0x20 /home/sobriodev/Documents/MCUXpresso_10.2.1_795/workspace/lpc_chip_13xx/Debug/liblpc_chip_13xx.a(ssp_13xx.o)
 .text.Chip_Clock_GetSSP1ClockDiv
                0x0000000000000a3c       0x18 /home/sobriodev/Documents/MCUXpresso_10.2.1_795/workspace/lpc_chip_13xx/Debug/liblpc_chip_13xx.a(ssp_13xx.o)
 .text.Chip_SSP_SetFormat
                0x0000000000000a54       0x30 /home/sobriodev/Documents/MCUXpresso_10.2.1_795/workspace/lpc_chip_13xx/Debug/liblpc_chip_13xx.a(ssp_13xx.o)
 .text.Chip_SSP_Set_Mode
                0x0000000000000a84       0x24 /home/sobriodev/Documents/MCUXpresso_10.2.1_795/workspace/lpc_chip_13xx/Debug/liblpc_chip_13xx.a(ssp_13xx.o)
 .text.Chip_SSP_GetClockIndex
                0x0000000000000aa8       0x2c /home/sobriodev/Documents/MCUXpresso_10.2.1_795/workspace/lpc_chip_13xx/Debug/liblpc_chip_13xx.a(ssp_13xx.o)
 .text.Chip_SSP_GetResetIndex
                0x0000000000000ad4       0x2c /home/sobriodev/Documents/MCUXpresso_10.2.1_795/workspace/lpc_chip_13xx/Debug/liblpc_chip_13xx.a(ssp_13xx.o)
 .text.Chip_SSP_SetSSPClkDivider
                0x0000000000000b00       0x2c /home/sobriodev/Documents/MCUXpresso_10.2.1_795/workspace/lpc_chip_13xx/Debug/liblpc_chip_13xx.a(ssp_13xx.o)
 .text.Chip_SSP_GetPCLKkRate
                0x0000000000000b2c       0x44 /home/sobriodev/Documents/MCUXpresso_10.2.1_795/workspace/lpc_chip_13xx/Debug/liblpc_chip_13xx.a(ssp_13xx.o)
 .text.Chip_SSP_SetClockRate
                0x0000000000000b70       0x34 /home/sobriodev/Documents/MCUXpresso_10.2.1_795/workspace/lpc_chip_13xx/Debug/liblpc_chip_13xx.a(ssp_13xx.o)
                0x0000000000000b70                Chip_SSP_SetClockRate
 .text.Chip_SSP_SetMaster
                0x0000000000000ba4       0x2c /home/sobriodev/Documents/MCUXpresso_10.2.1_795/workspace/lpc_chip_13xx/Debug/liblpc_chip_13xx.a(ssp_13xx.o)
                0x0000000000000ba4                Chip_SSP_SetMaster
 .text.Chip_SSP_SetBitRate
                0x0000000000000bd0       0x6c /home/sobriodev/Documents/MCUXpresso_10.2.1_795/workspace/lpc_chip_13xx/Debug/liblpc_chip_13xx.a(ssp_13xx.o)
                0x0000000000000bd0                Chip_SSP_SetBitRate
 .text.Chip_SSP_Init
                0x0000000000000c3c       0x54 /home/sobriodev/Documents/MCUXpresso_10.2.1_795/workspace/lpc_chip_13xx/Debug/liblpc_chip_13xx.a(ssp_13xx.o)
                0x0000000000000c3c                Chip_SSP_Init
 .text.Chip_SYSCTL_PowerDown
                0x0000000000000c90       0x40 /home/sobriodev/Documents/MCUXpresso_10.2.1_795/workspace/lpc_chip_13xx/Debug/liblpc_chip_13xx.a(sysctl_13xx.o)
                0x0000000000000c90                Chip_SYSCTL_PowerDown
 .text.Chip_SYSCTL_PowerUp
                0x0000000000000cd0       0x40 /home/sobriodev/Documents/MCUXpresso_10.2.1_795/workspace/lpc_chip_13xx/Debug/liblpc_chip_13xx.a(sysctl_13xx.o)
                0x0000000000000cd0                Chip_SYSCTL_PowerUp
 .text.Chip_Clock_SetupSystemPLL
                0x0000000000000d10       0x34 /home/sobriodev/Documents/MCUXpresso_10.2.1_795/workspace/lpc_chip_13xx/Debug/liblpc_chip_13xx.a(sysinit_13xx.o)
 .text.Chip_Clock_IsSystemPLLLocked
                0x0000000000000d44       0x24 /home/sobriodev/Documents/MCUXpresso_10.2.1_795/workspace/lpc_chip_13xx/Debug/liblpc_chip_13xx.a(sysinit_13xx.o)
 .text.Chip_Clock_SetSysClockDiv
                0x0000000000000d68       0x1c /home/sobriodev/Documents/MCUXpresso_10.2.1_795/workspace/lpc_chip_13xx/Debug/liblpc_chip_13xx.a(sysinit_13xx.o)
 .text.Chip_FMC_SetFLASHAccess
                0x0000000000000d84       0x2c /home/sobriodev/Documents/MCUXpresso_10.2.1_795/workspace/lpc_chip_13xx/Debug/liblpc_chip_13xx.a(sysinit_13xx.o)
 .text.Chip_SetupXtalClocking
                0x0000000000000db0       0x66 /home/sobriodev/Documents/MCUXpresso_10.2.1_795/workspace/lpc_chip_13xx/Debug/liblpc_chip_13xx.a(sysinit_13xx.o)
                0x0000000000000db0                Chip_SetupXtalClocking
 .text.__main   0x0000000000000e16        0xe /usr/local/mcuxpressoide-10.2.1_795/ide/tools/bin/../lib/gcc/arm-none-eabi/7.2.1/../../../../arm-none-eabi/lib/thumb/v7-m/libcr_semihost.a(_cr__main.o)
                0x0000000000000e16                __main
                0x0000000000000e16                __CR_SEMIHOST
 .text.fp_round
                0x0000000000000e24       0x4c /usr/local/mcuxpressoide-10.2.1_795/ide/tools/bin/../lib/gcc/arm-none-eabi/7.2.1/../../../../arm-none-eabi/lib/thumb/v7-m/libcr_c.a(fpprintf.o)
 .text.pr_dec.constprop.1
                0x0000000000000e70       0x26 /usr/local/mcuxpressoide-10.2.1_795/ide/tools/bin/../lib/gcc/arm-none-eabi/7.2.1/../../../../arm-none-eabi/lib/thumb/v7-m/libcr_c.a(fpprintf.o)
 *fill*         0x0000000000000e96        0x2 ff
 .text.sprintf  0x0000000000000e98       0x6c /usr/local/mcuxpressoide-10.2.1_795/ide/tools/bin/../lib/gcc/arm-none-eabi/7.2.1/../../../../arm-none-eabi/lib/thumb/v7-m/libcr_c.a(fpprintf.o)
                0x0000000000000e98                sprintf
 *fill*         0x0000000000000f04        0x4 ff
 .text.fp_display
                0x0000000000000f08      0x96c /usr/local/mcuxpressoide-10.2.1_795/ide/tools/bin/../lib/gcc/arm-none-eabi/7.2.1/../../../../arm-none-eabi/lib/thumb/v7-m/libcr_c.a(fpprintf.o)
 .text.vsnprintf
                0x0000000000001874       0x5c /usr/local/mcuxpressoide-10.2.1_795/ide/tools/bin/../lib/gcc/arm-none-eabi/7.2.1/../../../../arm-none-eabi/lib/thumb/v7-m/libcr_c.a(fpprintf.o)
                0x0000000000001874                vsnprintf
 .text.printf   0x00000000000018d0       0x54 /usr/local/mcuxpressoide-10.2.1_795/ide/tools/bin/../lib/gcc/arm-none-eabi/7.2.1/../../../../arm-none-eabi/lib/thumb/v7-m/libcr_c.a(fpprintf.o)
                0x00000000000018d0                printf
 .text._initio  0x0000000000001924       0x78 /usr/local/mcuxpressoide-10.2.1_795/ide/tools/bin/../lib/gcc/arm-none-eabi/7.2.1/../../../../arm-none-eabi/lib/thumb/v7-m/libcr_c.a(initio.o)
                0x0000000000001924                _initio
 .text.__vfprintf
                0x000000000000199c      0xb98 /usr/local/mcuxpressoide-10.2.1_795/ide/tools/bin/../lib/gcc/arm-none-eabi/7.2.1/../../../../arm-none-eabi/lib/thumb/v7-m/libcr_c.a(printf.o)
                0x000000000000199c                __vfprintf
 .text.setvbuf  0x0000000000002534       0x40 /usr/local/mcuxpressoide-10.2.1_795/ide/tools/bin/../lib/gcc/arm-none-eabi/7.2.1/../../../../arm-none-eabi/lib/thumb/v7-m/libcr_c.a(setvbuf.o)
                0x0000000000002534                setvbuf
 .text.strlen   0x0000000000002574       0x4a /usr/local/mcuxpressoide-10.2.1_795/ide/tools/bin/../lib/gcc/arm-none-eabi/7.2.1/../../../../arm-none-eabi/lib/thumb/v7-m/libcr_c.a(strlen.o)
                0x0000000000002574                strlen
 .text.memset   0x00000000000025be        0x4 /usr/local/mcuxpressoide-10.2.1_795/ide/tools/bin/../lib/gcc/arm-none-eabi/7.2.1/../../../../arm-none-eabi/lib/thumb/v7-m/libcr_c.a(memset.o)
                0x00000000000025be                memset
 .text._deferredlazyseek
                0x00000000000025c2       0x40 /usr/local/mcuxpressoide-10.2.1_795/ide/tools/bin/../lib/gcc/arm-none-eabi/7.2.1/../../../../arm-none-eabi/lib/thumb/v7-m/libcr_c.a(_deferredlazyseek.o)
                0x00000000000025c2                _deferredlazyseek
 .text.__flsbuf
                0x0000000000002602      0x140 /usr/local/mcuxpressoide-10.2.1_795/ide/tools/bin/../lib/gcc/arm-none-eabi/7.2.1/../../../../arm-none-eabi/lib/thumb/v7-m/libcr_c.a(_deferredlazyseek.o)
                0x0000000000002602                __flsbuf
 .text._fdopen  0x0000000000002742       0x68 /usr/local/mcuxpressoide-10.2.1_795/ide/tools/bin/../lib/gcc/arm-none-eabi/7.2.1/../../../../arm-none-eabi/lib/thumb/v7-m/libcr_c.a(_fdopen.o)
                0x0000000000002742                _fdopen
 .text._fflush  0x00000000000027aa       0x52 /usr/local/mcuxpressoide-10.2.1_795/ide/tools/bin/../lib/gcc/arm-none-eabi/7.2.1/../../../../arm-none-eabi/lib/thumb/v7-m/libcr_c.a(_fflush.o)
                0x00000000000027aa                _fflush
 .text._frexpl  0x00000000000027fc       0x56 /usr/local/mcuxpressoide-10.2.1_795/ide/tools/bin/../lib/gcc/arm-none-eabi/7.2.1/../../../../arm-none-eabi/lib/thumb/v7-m/libcr_c.a(_frexpl.o)
                0x00000000000027fc                _frexpl
 *fill*         0x0000000000002852        0x2 ff
 .text._ldexpl  0x0000000000002854       0x4c /usr/local/mcuxpressoide-10.2.1_795/ide/tools/bin/../lib/gcc/arm-none-eabi/7.2.1/../../../../arm-none-eabi/lib/thumb/v7-m/libcr_c.a(_ldexpl.o)
                0x0000000000002854                _ldexpl
 .text._Cwritebuf
                0x00000000000028a0       0x6c /usr/local/mcuxpressoide-10.2.1_795/ide/tools/bin/../lib/gcc/arm-none-eabi/7.2.1/../../../../arm-none-eabi/lib/thumb/v7-m/libcr_c.a(_writebuf.o)
                0x00000000000028a0                _Cwritebuf
 .text.malloc   0x000000000000290c       0xc8 /usr/local/mcuxpressoide-10.2.1_795/ide/tools/bin/../lib/gcc/arm-none-eabi/7.2.1/../../../../arm-none-eabi/lib/thumb/v7-m/libcr_c.a(alloc.o)
                0x000000000000290c                malloc
 .text.free     0x00000000000029d4       0x30 /usr/local/mcuxpressoide-10.2.1_795/ide/tools/bin/../lib/gcc/arm-none-eabi/7.2.1/../../../../arm-none-eabi/lib/thumb/v7-m/libcr_c.a(alloc.o)
                0x00000000000029d4                free
 .text._Csys_alloc
                0x0000000000002a04       0x20 /usr/local/mcuxpressoide-10.2.1_795/ide/tools/bin/../lib/gcc/arm-none-eabi/7.2.1/../../../../arm-none-eabi/lib/thumb/v7-m/libcr_c.a(alloc.o)
                0x0000000000002a04                _Csys_alloc
 .text.fclose   0x0000000000002a24       0x58 /usr/local/mcuxpressoide-10.2.1_795/ide/tools/bin/../lib/gcc/arm-none-eabi/7.2.1/../../../../arm-none-eabi/lib/thumb/v7-m/libcr_c.a(fclose.o)
                0x0000000000002a24                fclose
 .text.fflush   0x0000000000002a7c       0x44 /usr/local/mcuxpressoide-10.2.1_795/ide/tools/bin/../lib/gcc/arm-none-eabi/7.2.1/../../../../arm-none-eabi/lib/thumb/v7-m/libcr_c.a(fflush.o)
                0x0000000000002a7c                fflush
 .text.fseek    0x0000000000002ac0      0x100 /usr/local/mcuxpressoide-10.2.1_795/ide/tools/bin/../lib/gcc/arm-none-eabi/7.2.1/../../../../arm-none-eabi/lib/thumb/v7-m/libcr_c.a(fseek.o)
                0x0000000000002ac0                fseek
 .text.ftell    0x0000000000002bc0       0x44 /usr/local/mcuxpressoide-10.2.1_795/ide/tools/bin/../lib/gcc/arm-none-eabi/7.2.1/../../../../arm-none-eabi/lib/thumb/v7-m/libcr_c.a(ftell.o)
                0x0000000000002bc0                ftell
 .text.remove   0x0000000000002c04       0x14 /usr/local/mcuxpressoide-10.2.1_795/ide/tools/bin/../lib/gcc/arm-none-eabi/7.2.1/../../../../arm-none-eabi/lib/thumb/v7-m/libcr_c.a(remove.o)
                0x0000000000002c04                remove
 .text._sbrk    0x0000000000002c18       0x3c /usr/local/mcuxpressoide-10.2.1_795/ide/tools/bin/../lib/gcc/arm-none-eabi/7.2.1/../../../../arm-none-eabi/lib/thumb/v7-m/libcr_c.a(_cr_sbrk.o)
                0x0000000000002c18                _sbrk
 .text._do_fflush
                0x0000000000002c54       0x40 /usr/local/mcuxpressoide-10.2.1_795/ide/tools/bin/../lib/gcc/arm-none-eabi/7.2.1/../../../../arm-none-eabi/lib/thumb/v7-m/libcr_c.a(_do_fflush.o)
                0x0000000000002c54                _do_fflush
 .text.__check_heap_overflow
                0x0000000000002c94       0x18 /usr/local/mcuxpressoide-10.2.1_795/ide/tools/bin/../lib/gcc/arm-none-eabi/7.2.1/../../../../arm-none-eabi/lib/thumb/v7-m/libcr_c.a(_cr_check_heap.o)
                0x0000000000002c94                __check_heap_overflow
 .text.__aeabi_dmul
                0x0000000000002cac      0x10c /usr/local/mcuxpressoide-10.2.1_795/ide/tools/bin/../lib/gcc/arm-none-eabi/7.2.1/thumb/v7-m/libcr_eabihelpers.a(double.o)
                0x0000000000002cac                __aeabi_dmul
 .text.__aeabi_ddiv
                0x0000000000002db8      0x130 /usr/local/mcuxpressoide-10.2.1_795/ide/tools/bin/../lib/gcc/arm-none-eabi/7.2.1/thumb/v7-m/libcr_eabihelpers.a(double.o)
                0x0000000000002db8                __aeabi_ddiv
 .text.__aeabi_dsub
                0x0000000000002ee8      0x1b0 /usr/local/mcuxpressoide-10.2.1_795/ide/tools/bin/../lib/gcc/arm-none-eabi/7.2.1/thumb/v7-m/libcr_eabihelpers.a(double.o)
                0x0000000000002ee8                __aeabi_dsub
 .text.__aeabi_dadd
                0x0000000000003098      0x10c /usr/local/mcuxpressoide-10.2.1_795/ide/tools/bin/../lib/gcc/arm-none-eabi/7.2.1/thumb/v7-m/libcr_eabihelpers.a(double.o)
                0x0000000000003098                __aeabi_dadd
 .text.__aeabi_d2iz
                0x00000000000031a4       0x40 /usr/local/mcuxpressoide-10.2.1_795/ide/tools/bin/../lib/gcc/arm-none-eabi/7.2.1/thumb/v7-m/libcr_eabihelpers.a(double.o)
                0x00000000000031a4                __aeabi_d2iz
 .text.__bhs_ui2d
                0x00000000000031e4       0x46 /usr/local/mcuxpressoide-10.2.1_795/ide/tools/bin/../lib/gcc/arm-none-eabi/7.2.1/thumb/v7-m/libcr_eabihelpers.a(double.o)
                0x00000000000031e4                __bhs_ui2d
 .text.__aeabi_i2d
                0x000000000000322a       0x12 /usr/local/mcuxpressoide-10.2.1_795/ide/tools/bin/../lib/gcc/arm-none-eabi/7.2.1/thumb/v7-m/libcr_eabihelpers.a(double.o)
                0x000000000000322a                __aeabi_i2d
 .text.__aeabi_dcmpeq
                0x000000000000323c       0x2c /usr/local/mcuxpressoide-10.2.1_795/ide/tools/bin/../lib/gcc/arm-none-eabi/7.2.1/thumb/v7-m/libcr_eabihelpers.a(double.o)
                0x000000000000323c                __aeabi_dcmpeq
 .text.__aeabi_dcmplt
                0x0000000000003268       0x54 /usr/local/mcuxpressoide-10.2.1_795/ide/tools/bin/../lib/gcc/arm-none-eabi/7.2.1/thumb/v7-m/libcr_eabihelpers.a(double.o)
                0x0000000000003268                __aeabi_dcmplt
 .text.__aeabi_dcmple
                0x00000000000032bc       0x54 /usr/local/mcuxpressoide-10.2.1_795/ide/tools/bin/../lib/gcc/arm-none-eabi/7.2.1/thumb/v7-m/libcr_eabihelpers.a(double.o)
                0x00000000000032bc                __aeabi_dcmple
 .text.__aeabi_dcmpge
                0x0000000000003310       0x54 /usr/local/mcuxpressoide-10.2.1_795/ide/tools/bin/../lib/gcc/arm-none-eabi/7.2.1/thumb/v7-m/libcr_eabihelpers.a(double.o)
                0x0000000000003310                __aeabi_dcmpge
 .text.__aeabi_memset_lowlevel
                0x0000000000003364       0x32 /usr/local/mcuxpressoide-10.2.1_795/ide/tools/bin/../lib/gcc/arm-none-eabi/7.2.1/thumb/v7-m/libcr_eabihelpers.a(memcpy.o)
                0x0000000000003364                __aeabi_lowlevel_memset
 *fill*         0x0000000000003396        0x2 ff
 .text.__sys_appexit
                0x0000000000003398        0xc /usr/local/mcuxpressoide-10.2.1_795/ide/tools/bin/../lib/gcc/arm-none-eabi/7.2.1/../../../../arm-none-eabi/lib/thumb/v7-m/libcr_semihost.a(__sys_appexit.o)
                0x0000000000003398                __exit
                0x0000000000003398                __sys_appexit
 .text.__sys_close
                0x00000000000033a4        0xc /usr/local/mcuxpressoide-10.2.1_795/ide/tools/bin/../lib/gcc/arm-none-eabi/7.2.1/../../../../arm-none-eabi/lib/thumb/v7-m/libcr_semihost.a(__sys_close.o)
                0x00000000000033a4                __sys_close
 .text.__sys_flen
                0x00000000000033b0        0xc /usr/local/mcuxpressoide-10.2.1_795/ide/tools/bin/../lib/gcc/arm-none-eabi/7.2.1/../../../../arm-none-eabi/lib/thumb/v7-m/libcr_semihost.a(__sys_flen.o)
                0x00000000000033b0                __sys_flen
 .text.__sys_istty
                0x00000000000033bc        0xc /usr/local/mcuxpressoide-10.2.1_795/ide/tools/bin/../lib/gcc/arm-none-eabi/7.2.1/../../../../arm-none-eabi/lib/thumb/v7-m/libcr_semihost.a(__sys_istty.o)
                0x00000000000033bc                __sys_istty
 .text.__sys_remove
                0x00000000000033c8        0xc /usr/local/mcuxpressoide-10.2.1_795/ide/tools/bin/../lib/gcc/arm-none-eabi/7.2.1/../../../../arm-none-eabi/lib/thumb/v7-m/libcr_semihost.a(__sys_remove.o)
                0x00000000000033c8                __sys_remove
 .text.__sys_seek
                0x00000000000033d4        0xc /usr/local/mcuxpressoide-10.2.1_795/ide/tools/bin/../lib/gcc/arm-none-eabi/7.2.1/../../../../arm-none-eabi/lib/thumb/v7-m/libcr_semihost.a(__sys_seek.o)
                0x00000000000033d4                __sys_seek
 .text.__sys_tmpnam
                0x00000000000033e0        0xc /usr/local/mcuxpressoide-10.2.1_795/ide/tools/bin/../lib/gcc/arm-none-eabi/7.2.1/../../../../arm-none-eabi/lib/thumb/v7-m/libcr_semihost.a(__sys_tmpnam.o)
                0x00000000000033e0                __sys_tmpnam
 .text.__sys_write
                0x00000000000033ec        0xc /usr/local/mcuxpressoide-10.2.1_795/ide/tools/bin/../lib/gcc/arm-none-eabi/7.2.1/../../../../arm-none-eabi/lib/thumb/v7-m/libcr_semihost.a(__sys_write.o)
                0x00000000000033ec                __sys_write
 *(.rodata .rodata.* .constdata .constdata.*)
 .rodata        0x00000000000033f8       0x15 ./src/spi.o
 *fill*         0x000000000000340d        0x3 ff
 .rodata.OscRateIn
                0x0000000000003410        0x4 /home/sobriodev/Documents/MCUXpresso_10.2.1_795/workspace/lpc_board_nxp_lpcxpresso_1347/Debug/liblpc_board_nxp_lpcxpresso_1347.a(board.o)
                0x0000000000003410                OscRateIn
 .rodata.pinmuxing
                0x0000000000003414       0x30 /home/sobriodev/Documents/MCUXpresso_10.2.1_795/workspace/lpc_board_nxp_lpcxpresso_1347/Debug/liblpc_board_nxp_lpcxpresso_1347.a(board_sysinit.o)
 .rodata.wdtOSCRate
                0x0000000000003444       0x40 /home/sobriodev/Documents/MCUXpresso_10.2.1_795/workspace/lpc_chip_13xx/Debug/liblpc_chip_13xx.a(clock_13xx.o)
 .rodata.fp_display.str1.1
                0x0000000000003484       0x34 /usr/local/mcuxpressoide-10.2.1_795/ide/tools/bin/../lib/gcc/arm-none-eabi/7.2.1/../../../../arm-none-eabi/lib/thumb/v7-m/libcr_c.a(fpprintf.o)
                                         0x35 (size before relaxing)
 .rodata._initio.str1.1
                0x00000000000034b8        0x4 /usr/local/mcuxpressoide-10.2.1_795/ide/tools/bin/../lib/gcc/arm-none-eabi/7.2.1/../../../../arm-none-eabi/lib/thumb/v7-m/libcr_c.a(initio.o)
 .rodata.__vfprintf.str1.1
                0x00000000000034bc       0x31 /usr/local/mcuxpressoide-10.2.1_795/ide/tools/bin/../lib/gcc/arm-none-eabi/7.2.1/../../../../arm-none-eabi/lib/thumb/v7-m/libcr_c.a(printf.o)
                                         0x38 (size before relaxing)
 .rodata._Csys_alloc.str1.1
                0x00000000000034ed       0x18 /usr/local/mcuxpressoide-10.2.1_795/ide/tools/bin/../lib/gcc/arm-none-eabi/7.2.1/../../../../arm-none-eabi/lib/thumb/v7-m/libcr_c.a(alloc.o)
 *fill*         0x0000000000003505        0x3 ff
 .rodata.__huge_vall
                0x0000000000003508        0x8 /usr/local/mcuxpressoide-10.2.1_795/ide/tools/bin/../lib/gcc/arm-none-eabi/7.2.1/../../../../arm-none-eabi/lib/thumb/v7-m/libcr_c.a(_hugeval.o)
                0x0000000000003508                __huge_vall
 .rodata.__num_Ciob_streams
                0x0000000000003510        0x4 /usr/local/mcuxpressoide-10.2.1_795/ide/tools/bin/../lib/gcc/arm-none-eabi/7.2.1/../../../../arm-none-eabi/lib/thumb/v7-m/libcr_semihost.a(__ciob.o)
                0x0000000000003510                __num_Ciob_streams
                0x0000000000003514                . = ALIGN (0x4)

.glue_7         0x0000000000003514        0x0
 .glue_7        0x0000000000003514        0x0 linker stubs

.glue_7t        0x0000000000003514        0x0
 .glue_7t       0x0000000000003514        0x0 linker stubs

.vfp11_veneer   0x0000000000003514        0x0
 .vfp11_veneer  0x0000000000003514        0x0 linker stubs

.v4_bx          0x0000000000003514        0x0
 .v4_bx         0x0000000000003514        0x0 linker stubs

.iplt           0x0000000000003514        0x0
 .iplt          0x0000000000003514        0x0 ./src/cr_startup_lpc13uxx.o

.rel.dyn        0x0000000000003514        0x0
 .rel.iplt      0x0000000000003514        0x0 ./src/cr_startup_lpc13uxx.o

.ARM.extab
 *(.ARM.extab* .gnu.linkonce.armextab.*)
                0x0000000000003514                __exidx_start = .

.ARM.exidx
 *(.ARM.exidx* .gnu.linkonce.armexidx.*)
                0x0000000000003514                __exidx_end = .
                0x0000000000003514                _etext = .

.data_RAM2      0x0000000020004000        0x0 load address 0x0000000000003514
 FILL mask 0xff
                [!provide]                        PROVIDE (__start_data_RAM2, .)
 *(.ramfunc.$RAM2)
 *(.ramfunc.$RamUsb2)
 *(.data.$RAM2*)
 *(.data.$RamUsb2*)
                0x0000000020004000                . = ALIGN (0x4)
                [!provide]                        PROVIDE (__end_data_RAM2, .)

.data_RAM3      0x0000000020000000        0x0 load address 0x0000000000003514
 FILL mask 0xff
                [!provide]                        PROVIDE (__start_data_RAM3, .)
 *(.ramfunc.$RAM3)
 *(.ramfunc.$RamPeriph2)
 *(.data.$RAM3*)
 *(.data.$RamPeriph2*)
                0x0000000020000000                . = ALIGN (0x4)
                [!provide]                        PROVIDE (__end_data_RAM3, .)

.uninit_RESERVED
                0x0000000010000000        0x0
 *(.bss.$RESERVED*)
                0x0000000010000000                . = ALIGN (0x4)
                0x0000000010000000                _end_uninit_RESERVED = .

.data           0x0000000010000000        0x0 load address 0x0000000000003514
 FILL mask 0xff
                0x0000000010000000                _data = .
 *(vtable)
 *(.ramfunc*)
 *(.data*)
                0x0000000010000000                . = ALIGN (0x4)
                0x0000000010000000                _edata = .

.igot.plt       0x0000000010000000        0x0 load address 0x0000000000003514
 .igot.plt      0x0000000010000000        0x0 ./src/cr_startup_lpc13uxx.o

.bss_RAM2       0x0000000020004000        0x0
                [!provide]                        PROVIDE (__start_bss_RAM2, .)
 *(.bss.$RAM2*)
 *(.bss.$RamUsb2*)
                0x0000000020004000                . = ALIGN ((. != 0x0)?0x4:0x1)
                [!provide]                        PROVIDE (__end_bss_RAM2, .)

.bss_RAM3       0x0000000020000000        0x0
                [!provide]                        PROVIDE (__start_bss_RAM3, .)
 *(.bss.$RAM3*)
 *(.bss.$RamPeriph2*)
                0x0000000020000000                . = ALIGN ((. != 0x0)?0x4:0x1)
                [!provide]                        PROVIDE (__end_bss_RAM3, .)

.bss            0x0000000010000000      0x1f0
                0x0000000010000000                _bss = .
 *(.bss*)
 .bss.errno     0x0000000010000000        0x4 /usr/local/mcuxpressoide-10.2.1_795/ide/tools/bin/../lib/gcc/arm-none-eabi/7.2.1/../../../../arm-none-eabi/lib/thumb/v7-m/libcr_c.a(errno.o)
                0x0000000010000000                errno
 .bss.__end_of_heap
                0x0000000010000004        0x4 /usr/local/mcuxpressoide-10.2.1_795/ide/tools/bin/../lib/gcc/arm-none-eabi/7.2.1/../../../../arm-none-eabi/lib/thumb/v7-m/libcr_c.a(__init_alloc.o)
                0x0000000010000004                __end_of_heap
 .bss.__heaps   0x0000000010000008        0x4 /usr/local/mcuxpressoide-10.2.1_795/ide/tools/bin/../lib/gcc/arm-none-eabi/7.2.1/../../../../arm-none-eabi/lib/thumb/v7-m/libcr_c.a(__init_alloc.o)
                0x0000000010000008                __heaps
 .bss.__Ciob    0x000000001000000c      0x1e0 /usr/local/mcuxpressoide-10.2.1_795/ide/tools/bin/../lib/gcc/arm-none-eabi/7.2.1/../../../../arm-none-eabi/lib/thumb/v7-m/libcr_semihost.a(__ciob.o)
                0x000000001000000c                __Ciob
 *(COMMON)
 COMMON         0x00000000100001ec        0x4 /home/sobriodev/Documents/MCUXpresso_10.2.1_795/workspace/lpc_chip_13xx/Debug/liblpc_chip_13xx.a(chip_13xx.o)
                0x00000000100001ec                SystemCoreClock
                0x00000000100001f0                . = ALIGN (0x4)
                0x00000000100001f0                _ebss = .
                [!provide]                        PROVIDE (end, .)

.noinit_RAM2    0x0000000020004000        0x0
 *(.noinit.$RAM2*)
 *(.noinit.$RamUsb2*)
                0x0000000020004000                . = ALIGN (0x4)

.noinit_RAM3    0x0000000020000000        0x0
 *(.noinit.$RAM3*)
 *(.noinit.$RamPeriph2*)
                0x0000000020000000                . = ALIGN (0x4)

.noinit         0x00000000100001f0        0x0
                0x00000000100001f0                _noinit = .
 *(.noinit*)
                0x00000000100001f0                . = ALIGN (0x4)
                0x00000000100001f0                _end_noinit = .
                0x00000000100001f0                PROVIDE (_pvHeapStart, DEFINED (__user_heap_base)?__user_heap_base:.)
                0x0000000010002000                PROVIDE (_vStackTop, DEFINED (__user_stack_top)?__user_stack_top:(__top_RamLoc8 - 0x0))
                0xffffffffefffd45e                PROVIDE (__valid_user_code_checksum, (0x0 - ((((((_vStackTop + (ResetISR + 0x1)) + (NMI_Handler + 0x1)) + (HardFault_Handler + 0x1)) + (DEFINED (MemManage_Handler)?MemManage_Handler:0x0 + 0x1)) + (DEFINED (BusFault_Handler)?BusFault_Handler:0x0 + 0x1)) + (DEFINED (UsageFault_Handler)?UsageFault_Handler:0x0 + 0x1))))
                0x0000000000000000                _image_start = LOADADDR (.text)
                0x0000000000003514                _image_end = (LOADADDR (.data) + SIZEOF (.data))
                0x0000000000003514                _image_size = (_image_end - _image_start)
OUTPUT(spi.axf elf32-littlearm)

.debug_info     0x0000000000000000     0x5764
 .debug_info    0x0000000000000000      0x274 ./src/cr_startup_lpc13uxx.o
 .debug_info    0x0000000000000274       0x3f ./src/crp.o
 .debug_info    0x00000000000002b3      0x716 ./src/spi.o
 .debug_info    0x00000000000009c9      0x210 ./src/sysinit.o
 .debug_info    0x0000000000000bd9      0x9c4 /home/sobriodev/Documents/MCUXpresso_10.2.1_795/workspace/lpc_board_nxp_lpcxpresso_1347/Debug/liblpc_board_nxp_lpcxpresso_1347.a(board.o)
 .debug_info    0x000000000000159d      0x8bf /home/sobriodev/Documents/MCUXpresso_10.2.1_795/workspace/lpc_board_nxp_lpcxpresso_1347/Debug/liblpc_board_nxp_lpcxpresso_1347.a(board_sysinit.o)
 .debug_info    0x0000000000001e5c      0x5f9 /home/sobriodev/Documents/MCUXpresso_10.2.1_795/workspace/lpc_chip_13xx/Debug/liblpc_chip_13xx.a(chip_13xx.o)
 .debug_info    0x0000000000002455      0x933 /home/sobriodev/Documents/MCUXpresso_10.2.1_795/workspace/lpc_chip_13xx/Debug/liblpc_chip_13xx.a(clock_13xx.o)
 .debug_info    0x0000000000002d88      0x9a6 /home/sobriodev/Documents/MCUXpresso_10.2.1_795/workspace/lpc_chip_13xx/Debug/liblpc_chip_13xx.a(gpio_13xx_1.o)
 .debug_info    0x000000000000372e      0x1ba /home/sobriodev/Documents/MCUXpresso_10.2.1_795/workspace/lpc_chip_13xx/Debug/liblpc_chip_13xx.a(iocon_13xx.o)
 .debug_info    0x00000000000038e8     0x1116 /home/sobriodev/Documents/MCUXpresso_10.2.1_795/workspace/lpc_chip_13xx/Debug/liblpc_chip_13xx.a(ssp_13xx.o)
 .debug_info    0x00000000000049fe      0x5db /home/sobriodev/Documents/MCUXpresso_10.2.1_795/workspace/lpc_chip_13xx/Debug/liblpc_chip_13xx.a(sysctl_13xx.o)
 .debug_info    0x0000000000004fd9      0x78b /home/sobriodev/Documents/MCUXpresso_10.2.1_795/workspace/lpc_chip_13xx/Debug/liblpc_chip_13xx.a(sysinit_13xx.o)

.debug_abbrev   0x0000000000000000     0x13e5
 .debug_abbrev  0x0000000000000000      0x139 ./src/cr_startup_lpc13uxx.o
 .debug_abbrev  0x0000000000000139       0x36 ./src/crp.o
 .debug_abbrev  0x000000000000016f      0x21a ./src/spi.o
 .debug_abbrev  0x0000000000000389       0xc7 ./src/sysinit.o
 .debug_abbrev  0x0000000000000450      0x29d /home/sobriodev/Documents/MCUXpresso_10.2.1_795/workspace/lpc_board_nxp_lpcxpresso_1347/Debug/liblpc_board_nxp_lpcxpresso_1347.a(board.o)
 .debug_abbrev  0x00000000000006ed      0x1c7 /home/sobriodev/Documents/MCUXpresso_10.2.1_795/workspace/lpc_board_nxp_lpcxpresso_1347/Debug/liblpc_board_nxp_lpcxpresso_1347.a(board_sysinit.o)
 .debug_abbrev  0x00000000000008b4      0x14d /home/sobriodev/Documents/MCUXpresso_10.2.1_795/workspace/lpc_chip_13xx/Debug/liblpc_chip_13xx.a(chip_13xx.o)
 .debug_abbrev  0x0000000000000a01      0x1d0 /home/sobriodev/Documents/MCUXpresso_10.2.1_795/workspace/lpc_chip_13xx/Debug/liblpc_chip_13xx.a(clock_13xx.o)
 .debug_abbrev  0x0000000000000bd1      0x19d /home/sobriodev/Documents/MCUXpresso_10.2.1_795/workspace/lpc_chip_13xx/Debug/liblpc_chip_13xx.a(gpio_13xx_1.o)
 .debug_abbrev  0x0000000000000d6e       0xe5 /home/sobriodev/Documents/MCUXpresso_10.2.1_795/workspace/lpc_chip_13xx/Debug/liblpc_chip_13xx.a(iocon_13xx.o)
 .debug_abbrev  0x0000000000000e53      0x2ef /home/sobriodev/Documents/MCUXpresso_10.2.1_795/workspace/lpc_chip_13xx/Debug/liblpc_chip_13xx.a(ssp_13xx.o)
 .debug_abbrev  0x0000000000001142      0x10c /home/sobriodev/Documents/MCUXpresso_10.2.1_795/workspace/lpc_chip_13xx/Debug/liblpc_chip_13xx.a(sysctl_13xx.o)
 .debug_abbrev  0x000000000000124e      0x197 /home/sobriodev/Documents/MCUXpresso_10.2.1_795/workspace/lpc_chip_13xx/Debug/liblpc_chip_13xx.a(sysinit_13xx.o)

.debug_aranges  0x0000000000000000      0x588
 .debug_aranges
                0x0000000000000000       0x80 ./src/cr_startup_lpc13uxx.o
 .debug_aranges
                0x0000000000000080       0x18 ./src/crp.o
 .debug_aranges
                0x0000000000000098       0x70 ./src/spi.o
 .debug_aranges
                0x0000000000000108       0x20 ./src/sysinit.o
 .debug_aranges
                0x0000000000000128       0xe0 /home/sobriodev/Documents/MCUXpresso_10.2.1_795/workspace/lpc_board_nxp_lpcxpresso_1347/Debug/liblpc_board_nxp_lpcxpresso_1347.a(board.o)
 .debug_aranges
                0x0000000000000208       0x48 /home/sobriodev/Documents/MCUXpresso_10.2.1_795/workspace/lpc_board_nxp_lpcxpresso_1347/Debug/liblpc_board_nxp_lpcxpresso_1347.a(board_sysinit.o)
 .debug_aranges
                0x0000000000000250       0x38 /home/sobriodev/Documents/MCUXpresso_10.2.1_795/workspace/lpc_chip_13xx/Debug/liblpc_chip_13xx.a(chip_13xx.o)
 .debug_aranges
                0x0000000000000288       0xa0 /home/sobriodev/Documents/MCUXpresso_10.2.1_795/workspace/lpc_chip_13xx/Debug/liblpc_chip_13xx.a(clock_13xx.o)
 .debug_aranges
                0x0000000000000328       0x78 /home/sobriodev/Documents/MCUXpresso_10.2.1_795/workspace/lpc_chip_13xx/Debug/liblpc_chip_13xx.a(gpio_13xx_1.o)
 .debug_aranges
                0x00000000000003a0       0x20 /home/sobriodev/Documents/MCUXpresso_10.2.1_795/workspace/lpc_chip_13xx/Debug/liblpc_chip_13xx.a(iocon_13xx.o)
 .debug_aranges
                0x00000000000003c0      0x140 /home/sobriodev/Documents/MCUXpresso_10.2.1_795/workspace/lpc_chip_13xx/Debug/liblpc_chip_13xx.a(ssp_13xx.o)
 .debug_aranges
                0x0000000000000500       0x38 /home/sobriodev/Documents/MCUXpresso_10.2.1_795/workspace/lpc_chip_13xx/Debug/liblpc_chip_13xx.a(sysctl_13xx.o)
 .debug_aranges
                0x0000000000000538       0x50 /home/sobriodev/Documents/MCUXpresso_10.2.1_795/workspace/lpc_chip_13xx/Debug/liblpc_chip_13xx.a(sysinit_13xx.o)

.debug_ranges   0x0000000000000000      0x4b0
 .debug_ranges  0x0000000000000000       0x70 ./src/cr_startup_lpc13uxx.o
 .debug_ranges  0x0000000000000070       0x60 ./src/spi.o
 .debug_ranges  0x00000000000000d0       0x10 ./src/sysinit.o
 .debug_ranges  0x00000000000000e0       0xd0 /home/sobriodev/Documents/MCUXpresso_10.2.1_795/workspace/lpc_board_nxp_lpcxpresso_1347/Debug/liblpc_board_nxp_lpcxpresso_1347.a(board.o)
 .debug_ranges  0x00000000000001b0       0x38 /home/sobriodev/Documents/MCUXpresso_10.2.1_795/workspace/lpc_board_nxp_lpcxpresso_1347/Debug/liblpc_board_nxp_lpcxpresso_1347.a(board_sysinit.o)
 .debug_ranges  0x00000000000001e8       0x28 /home/sobriodev/Documents/MCUXpresso_10.2.1_795/workspace/lpc_chip_13xx/Debug/liblpc_chip_13xx.a(chip_13xx.o)
 .debug_ranges  0x0000000000000210       0x90 /home/sobriodev/Documents/MCUXpresso_10.2.1_795/workspace/lpc_chip_13xx/Debug/liblpc_chip_13xx.a(clock_13xx.o)
 .debug_ranges  0x00000000000002a0       0x68 /home/sobriodev/Documents/MCUXpresso_10.2.1_795/workspace/lpc_chip_13xx/Debug/liblpc_chip_13xx.a(gpio_13xx_1.o)
 .debug_ranges  0x0000000000000308       0x10 /home/sobriodev/Documents/MCUXpresso_10.2.1_795/workspace/lpc_chip_13xx/Debug/liblpc_chip_13xx.a(iocon_13xx.o)
 .debug_ranges  0x0000000000000318      0x130 /home/sobriodev/Documents/MCUXpresso_10.2.1_795/workspace/lpc_chip_13xx/Debug/liblpc_chip_13xx.a(ssp_13xx.o)
 .debug_ranges  0x0000000000000448       0x28 /home/sobriodev/Documents/MCUXpresso_10.2.1_795/workspace/lpc_chip_13xx/Debug/liblpc_chip_13xx.a(sysctl_13xx.o)
 .debug_ranges  0x0000000000000470       0x40 /home/sobriodev/Documents/MCUXpresso_10.2.1_795/workspace/lpc_chip_13xx/Debug/liblpc_chip_13xx.a(sysinit_13xx.o)

.debug_macro    0x0000000000000000     0x3558
 .debug_macro   0x0000000000000000       0x1d ./src/cr_startup_lpc13uxx.o
 .debug_macro   0x000000000000001d       0x1a ./src/crp.o
 .debug_macro   0x0000000000000037       0x34 ./src/crp.o
 .debug_macro   0x000000000000006b      0x1de ./src/spi.o
 .debug_macro   0x0000000000000249       0x22 ./src/spi.o
 .debug_macro   0x000000000000026b       0x7b ./src/spi.o
 .debug_macro   0x00000000000002e6       0x10 ./src/spi.o
 .debug_macro   0x00000000000002f6       0x26 ./src/spi.o
 .debug_macro   0x000000000000031c       0x3a ./src/spi.o
 .debug_macro   0x0000000000000356       0x2d ./src/spi.o
 .debug_macro   0x0000000000000383      0xa7d ./src/spi.o
 .debug_macro   0x0000000000000e00      0x10f ./src/spi.o
 .debug_macro   0x0000000000000f0f       0xf1 ./src/spi.o
 .debug_macro   0x0000000000001000       0x10 ./src/spi.o
 .debug_macro   0x0000000000001010      0x145 ./src/spi.o
 .debug_macro   0x0000000000001155       0x88 ./src/spi.o
 .debug_macro   0x00000000000011dd      0x21b ./src/spi.o
 .debug_macro   0x00000000000013f8       0x40 ./src/spi.o
 .debug_macro   0x0000000000001438       0x3a ./src/spi.o
 .debug_macro   0x0000000000001472       0xb9 ./src/spi.o
 .debug_macro   0x000000000000152b       0x4c ./src/spi.o
 .debug_macro   0x0000000000001577       0x16 ./src/spi.o
 .debug_macro   0x000000000000158d      0x31a ./src/spi.o
 .debug_macro   0x00000000000018a7       0x5b ./src/spi.o
 .debug_macro   0x0000000000001902       0x2e ./src/spi.o
 .debug_macro   0x0000000000001930       0x1c ./src/spi.o
 .debug_macro   0x000000000000194c       0x22 ./src/spi.o
 .debug_macro   0x000000000000196e       0x18 ./src/spi.o
 .debug_macro   0x0000000000001986       0x40 ./src/spi.o
 .debug_macro   0x00000000000019c6       0x46 ./src/spi.o
 .debug_macro   0x0000000000001a0c       0x9a ./src/spi.o
 .debug_macro   0x0000000000001aa6       0x20 ./src/spi.o
 .debug_macro   0x0000000000001ac6       0x10 ./src/spi.o
 .debug_macro   0x0000000000001ad6      0x1b2 ./src/sysinit.o
 .debug_macro   0x0000000000001c88      0x20a /home/sobriodev/Documents/MCUXpresso_10.2.1_795/workspace/lpc_board_nxp_lpcxpresso_1347/Debug/liblpc_board_nxp_lpcxpresso_1347.a(board.o)
 .debug_macro   0x0000000000001e92      0xa66 /home/sobriodev/Documents/MCUXpresso_10.2.1_795/workspace/lpc_board_nxp_lpcxpresso_1347/Debug/liblpc_board_nxp_lpcxpresso_1347.a(board.o)
 .debug_macro   0x00000000000028f8       0x12 /home/sobriodev/Documents/MCUXpresso_10.2.1_795/workspace/lpc_board_nxp_lpcxpresso_1347/Debug/liblpc_board_nxp_lpcxpresso_1347.a(board.o)
 .debug_macro   0x000000000000290a      0x1c0 /home/sobriodev/Documents/MCUXpresso_10.2.1_795/workspace/lpc_board_nxp_lpcxpresso_1347/Debug/liblpc_board_nxp_lpcxpresso_1347.a(board_sysinit.o)
 .debug_macro   0x0000000000002aca      0x17c /home/sobriodev/Documents/MCUXpresso_10.2.1_795/workspace/lpc_chip_13xx/Debug/liblpc_chip_13xx.a(chip_13xx.o)
 .debug_macro   0x0000000000002c46      0x17c /home/sobriodev/Documents/MCUXpresso_10.2.1_795/workspace/lpc_chip_13xx/Debug/liblpc_chip_13xx.a(clock_13xx.o)
 .debug_macro   0x0000000000002dc2      0x17c /home/sobriodev/Documents/MCUXpresso_10.2.1_795/workspace/lpc_chip_13xx/Debug/liblpc_chip_13xx.a(gpio_13xx_1.o)
 .debug_macro   0x0000000000002f3e      0x17c /home/sobriodev/Documents/MCUXpresso_10.2.1_795/workspace/lpc_chip_13xx/Debug/liblpc_chip_13xx.a(iocon_13xx.o)
 .debug_macro   0x00000000000030ba      0x17c /home/sobriodev/Documents/MCUXpresso_10.2.1_795/workspace/lpc_chip_13xx/Debug/liblpc_chip_13xx.a(ssp_13xx.o)
 .debug_macro   0x0000000000003236      0x1a6 /home/sobriodev/Documents/MCUXpresso_10.2.1_795/workspace/lpc_chip_13xx/Debug/liblpc_chip_13xx.a(sysctl_13xx.o)
 .debug_macro   0x00000000000033dc      0x17c /home/sobriodev/Documents/MCUXpresso_10.2.1_795/workspace/lpc_chip_13xx/Debug/liblpc_chip_13xx.a(sysinit_13xx.o)

.debug_line     0x0000000000000000     0x30e5
 .debug_line    0x0000000000000000       0xd5 ./src/cr_startup_lpc13uxx.o
 .debug_line    0x00000000000000d5       0x79 ./src/crp.o
 .debug_line    0x000000000000014e      0x4b3 ./src/spi.o
 .debug_line    0x0000000000000601      0x399 ./src/sysinit.o
 .debug_line    0x000000000000099a      0x5bf /home/sobriodev/Documents/MCUXpresso_10.2.1_795/workspace/lpc_board_nxp_lpcxpresso_1347/Debug/liblpc_board_nxp_lpcxpresso_1347.a(board.o)
 .debug_line    0x0000000000000f59      0x425 /home/sobriodev/Documents/MCUXpresso_10.2.1_795/workspace/lpc_board_nxp_lpcxpresso_1347/Debug/liblpc_board_nxp_lpcxpresso_1347.a(board_sysinit.o)
 .debug_line    0x000000000000137e      0x35f /home/sobriodev/Documents/MCUXpresso_10.2.1_795/workspace/lpc_chip_13xx/Debug/liblpc_chip_13xx.a(chip_13xx.o)
 .debug_line    0x00000000000016dd      0x47b /home/sobriodev/Documents/MCUXpresso_10.2.1_795/workspace/lpc_chip_13xx/Debug/liblpc_chip_13xx.a(clock_13xx.o)
 .debug_line    0x0000000000001b58      0x405 /home/sobriodev/Documents/MCUXpresso_10.2.1_795/workspace/lpc_chip_13xx/Debug/liblpc_chip_13xx.a(gpio_13xx_1.o)
 .debug_line    0x0000000000001f5d      0x31e /home/sobriodev/Documents/MCUXpresso_10.2.1_795/workspace/lpc_chip_13xx/Debug/liblpc_chip_13xx.a(iocon_13xx.o)
 .debug_line    0x000000000000227b      0x755 /home/sobriodev/Documents/MCUXpresso_10.2.1_795/workspace/lpc_chip_13xx/Debug/liblpc_chip_13xx.a(ssp_13xx.o)
 .debug_line    0x00000000000029d0      0x357 /home/sobriodev/Documents/MCUXpresso_10.2.1_795/workspace/lpc_chip_13xx/Debug/liblpc_chip_13xx.a(sysctl_13xx.o)
 .debug_line    0x0000000000002d27      0x3be /home/sobriodev/Documents/MCUXpresso_10.2.1_795/workspace/lpc_chip_13xx/Debug/liblpc_chip_13xx.a(sysinit_13xx.o)

.debug_str      0x0000000000000000     0xeb7a
 .debug_str     0x0000000000000000     0x2ec8 ./src/cr_startup_lpc13uxx.o
                                       0x2edb (size before relaxing)
 .debug_str     0x0000000000002ec8       0xe9 ./src/crp.o
                                       0x2dde (size before relaxing)
 .debug_str     0x0000000000002fb1     0xa12f ./src/spi.o
                                       0xcf27 (size before relaxing)
 .debug_str     0x000000000000d0e0       0x11 ./src/sysinit.o
                                       0xc079 (size before relaxing)
 .debug_str     0x000000000000d0f1      0x52b /home/sobriodev/Documents/MCUXpresso_10.2.1_795/workspace/lpc_board_nxp_lpcxpresso_1347/Debug/liblpc_board_nxp_lpcxpresso_1347.a(board.o)
                                       0xc4d8 (size before relaxing)
 .debug_str     0x000000000000d61c      0x607 /home/sobriodev/Documents/MCUXpresso_10.2.1_795/workspace/lpc_board_nxp_lpcxpresso_1347/Debug/liblpc_board_nxp_lpcxpresso_1347.a(board_sysinit.o)
                                       0xc6a4 (size before relaxing)
 .debug_str     0x000000000000dc23      0x183 /home/sobriodev/Documents/MCUXpresso_10.2.1_795/workspace/lpc_chip_13xx/Debug/liblpc_chip_13xx.a(chip_13xx.o)
                                       0xbff1 (size before relaxing)
 .debug_str     0x000000000000dda6      0x4a3 /home/sobriodev/Documents/MCUXpresso_10.2.1_795/workspace/lpc_chip_13xx/Debug/liblpc_chip_13xx.a(clock_13xx.o)
                                       0xc41f (size before relaxing)
 .debug_str     0x000000000000e249      0x118 /home/sobriodev/Documents/MCUXpresso_10.2.1_795/workspace/lpc_chip_13xx/Debug/liblpc_chip_13xx.a(gpio_13xx_1.o)
                                       0xc288 (size before relaxing)
 .debug_str     0x000000000000e361       0x29 /home/sobriodev/Documents/MCUXpresso_10.2.1_795/workspace/lpc_chip_13xx/Debug/liblpc_chip_13xx.a(iocon_13xx.o)
                                       0xbc8d (size before relaxing)
 .debug_str     0x000000000000e38a      0x50e /home/sobriodev/Documents/MCUXpresso_10.2.1_795/workspace/lpc_chip_13xx/Debug/liblpc_chip_13xx.a(ssp_13xx.o)
                                       0xc90e (size before relaxing)
 .debug_str     0x000000000000e898      0x19f /home/sobriodev/Documents/MCUXpresso_10.2.1_795/workspace/lpc_chip_13xx/Debug/liblpc_chip_13xx.a(sysctl_13xx.o)
                                       0xc053 (size before relaxing)
 .debug_str     0x000000000000ea37      0x143 /home/sobriodev/Documents/MCUXpresso_10.2.1_795/workspace/lpc_chip_13xx/Debug/liblpc_chip_13xx.a(sysinit_13xx.o)
                                       0xc0f9 (size before relaxing)

.comment        0x0000000000000000       0x7e
 .comment       0x0000000000000000       0x7e ./src/cr_startup_lpc13uxx.o
                                         0x7f (size before relaxing)
 .comment       0x000000000000007e       0x7f ./src/crp.o
 .comment       0x000000000000007e       0x7f ./src/spi.o
 .comment       0x000000000000007e       0x7f ./src/sysinit.o
 .comment       0x000000000000007e       0x7f /home/sobriodev/Documents/MCUXpresso_10.2.1_795/workspace/lpc_board_nxp_lpcxpresso_1347/Debug/liblpc_board_nxp_lpcxpresso_1347.a(board.o)
 .comment       0x000000000000007e       0x7f /home/sobriodev/Documents/MCUXpresso_10.2.1_795/workspace/lpc_board_nxp_lpcxpresso_1347/Debug/liblpc_board_nxp_lpcxpresso_1347.a(board_sysinit.o)
 .comment       0x000000000000007e       0x7f /home/sobriodev/Documents/MCUXpresso_10.2.1_795/workspace/lpc_chip_13xx/Debug/liblpc_chip_13xx.a(chip_13xx.o)
 .comment       0x000000000000007e       0x7f /home/sobriodev/Documents/MCUXpresso_10.2.1_795/workspace/lpc_chip_13xx/Debug/liblpc_chip_13xx.a(clock_13xx.o)
 .comment       0x000000000000007e       0x7f /home/sobriodev/Documents/MCUXpresso_10.2.1_795/workspace/lpc_chip_13xx/Debug/liblpc_chip_13xx.a(gpio_13xx_1.o)
 .comment       0x000000000000007e       0x7f /home/sobriodev/Documents/MCUXpresso_10.2.1_795/workspace/lpc_chip_13xx/Debug/liblpc_chip_13xx.a(iocon_13xx.o)
 .comment       0x000000000000007e       0x7f /home/sobriodev/Documents/MCUXpresso_10.2.1_795/workspace/lpc_chip_13xx/Debug/liblpc_chip_13xx.a(ssp_13xx.o)
 .comment       0x000000000000007e       0x7f /home/sobriodev/Documents/MCUXpresso_10.2.1_795/workspace/lpc_chip_13xx/Debug/liblpc_chip_13xx.a(sysctl_13xx.o)
 .comment       0x000000000000007e       0x7f /home/sobriodev/Documents/MCUXpresso_10.2.1_795/workspace/lpc_chip_13xx/Debug/liblpc_chip_13xx.a(sysinit_13xx.o)
 .comment       0x000000000000007e       0x7f /usr/local/mcuxpressoide-10.2.1_795/ide/tools/bin/../lib/gcc/arm-none-eabi/7.2.1/../../../../arm-none-eabi/lib/thumb/v7-m/libcr_semihost.a(_cr__main.o)
 .comment       0x000000000000007e       0x7f /usr/local/mcuxpressoide-10.2.1_795/ide/tools/bin/../lib/gcc/arm-none-eabi/7.2.1/../../../../arm-none-eabi/lib/thumb/v7-m/libcr_c.a(fpprintf.o)
 .comment       0x000000000000007e       0x7f /usr/local/mcuxpressoide-10.2.1_795/ide/tools/bin/../lib/gcc/arm-none-eabi/7.2.1/../../../../arm-none-eabi/lib/thumb/v7-m/libcr_c.a(initio.o)
 .comment       0x000000000000007e       0x7f /usr/local/mcuxpressoide-10.2.1_795/ide/tools/bin/../lib/gcc/arm-none-eabi/7.2.1/../../../../arm-none-eabi/lib/thumb/v7-m/libcr_c.a(printf.o)
 .comment       0x000000000000007e       0x7f /usr/local/mcuxpressoide-10.2.1_795/ide/tools/bin/../lib/gcc/arm-none-eabi/7.2.1/../../../../arm-none-eabi/lib/thumb/v7-m/libcr_c.a(setvbuf.o)
 .comment       0x000000000000007e       0x7f /usr/local/mcuxpressoide-10.2.1_795/ide/tools/bin/../lib/gcc/arm-none-eabi/7.2.1/../../../../arm-none-eabi/lib/thumb/v7-m/libcr_c.a(strlen.o)
 .comment       0x000000000000007e       0x7f /usr/local/mcuxpressoide-10.2.1_795/ide/tools/bin/../lib/gcc/arm-none-eabi/7.2.1/../../../../arm-none-eabi/lib/thumb/v7-m/libcr_c.a(memset.o)
 .comment       0x000000000000007e       0x7f /usr/local/mcuxpressoide-10.2.1_795/ide/tools/bin/../lib/gcc/arm-none-eabi/7.2.1/../../../../arm-none-eabi/lib/thumb/v7-m/libcr_c.a(_deferredlazyseek.o)
 .comment       0x000000000000007e       0x7f /usr/local/mcuxpressoide-10.2.1_795/ide/tools/bin/../lib/gcc/arm-none-eabi/7.2.1/../../../../arm-none-eabi/lib/thumb/v7-m/libcr_c.a(_fdopen.o)
 .comment       0x000000000000007e       0x7f /usr/local/mcuxpressoide-10.2.1_795/ide/tools/bin/../lib/gcc/arm-none-eabi/7.2.1/../../../../arm-none-eabi/lib/thumb/v7-m/libcr_c.a(_fflush.o)
 .comment       0x000000000000007e       0x7f /usr/local/mcuxpressoide-10.2.1_795/ide/tools/bin/../lib/gcc/arm-none-eabi/7.2.1/../../../../arm-none-eabi/lib/thumb/v7-m/libcr_c.a(_frexpl.o)
 .comment       0x000000000000007e       0x7f /usr/local/mcuxpressoide-10.2.1_795/ide/tools/bin/../lib/gcc/arm-none-eabi/7.2.1/../../../../arm-none-eabi/lib/thumb/v7-m/libcr_c.a(_ldexpl.o)
 .comment       0x000000000000007e       0x7f /usr/local/mcuxpressoide-10.2.1_795/ide/tools/bin/../lib/gcc/arm-none-eabi/7.2.1/../../../../arm-none-eabi/lib/thumb/v7-m/libcr_c.a(_writebuf.o)
 .comment       0x000000000000007e       0x7f /usr/local/mcuxpressoide-10.2.1_795/ide/tools/bin/../lib/gcc/arm-none-eabi/7.2.1/../../../../arm-none-eabi/lib/thumb/v7-m/libcr_c.a(alloc.o)
 .comment       0x000000000000007e       0x7f /usr/local/mcuxpressoide-10.2.1_795/ide/tools/bin/../lib/gcc/arm-none-eabi/7.2.1/../../../../arm-none-eabi/lib/thumb/v7-m/libcr_c.a(errno.o)
 .comment       0x000000000000007e       0x7f /usr/local/mcuxpressoide-10.2.1_795/ide/tools/bin/../lib/gcc/arm-none-eabi/7.2.1/../../../../arm-none-eabi/lib/thumb/v7-m/libcr_c.a(fclose.o)
 .comment       0x000000000000007e       0x7f /usr/local/mcuxpressoide-10.2.1_795/ide/tools/bin/../lib/gcc/arm-none-eabi/7.2.1/../../../../arm-none-eabi/lib/thumb/v7-m/libcr_c.a(fflush.o)
 .comment       0x000000000000007e       0x7f /usr/local/mcuxpressoide-10.2.1_795/ide/tools/bin/../lib/gcc/arm-none-eabi/7.2.1/../../../../arm-none-eabi/lib/thumb/v7-m/libcr_c.a(fseek.o)
 .comment       0x000000000000007e       0x7f /usr/local/mcuxpressoide-10.2.1_795/ide/tools/bin/../lib/gcc/arm-none-eabi/7.2.1/../../../../arm-none-eabi/lib/thumb/v7-m/libcr_c.a(ftell.o)
 .comment       0x000000000000007e       0x7f /usr/local/mcuxpressoide-10.2.1_795/ide/tools/bin/../lib/gcc/arm-none-eabi/7.2.1/../../../../arm-none-eabi/lib/thumb/v7-m/libcr_c.a(remove.o)
 .comment       0x000000000000007e       0x7f /usr/local/mcuxpressoide-10.2.1_795/ide/tools/bin/../lib/gcc/arm-none-eabi/7.2.1/../../../../arm-none-eabi/lib/thumb/v7-m/libcr_c.a(__init_alloc.o)
 .comment       0x000000000000007e       0x7f /usr/local/mcuxpressoide-10.2.1_795/ide/tools/bin/../lib/gcc/arm-none-eabi/7.2.1/../../../../arm-none-eabi/lib/thumb/v7-m/libcr_c.a(_cr_sbrk.o)
 .comment       0x000000000000007e       0x7f /usr/local/mcuxpressoide-10.2.1_795/ide/tools/bin/../lib/gcc/arm-none-eabi/7.2.1/../../../../arm-none-eabi/lib/thumb/v7-m/libcr_c.a(_do_fflush.o)
 .comment       0x000000000000007e       0x7f /usr/local/mcuxpressoide-10.2.1_795/ide/tools/bin/../lib/gcc/arm-none-eabi/7.2.1/../../../../arm-none-eabi/lib/thumb/v7-m/libcr_c.a(_hugeval.o)
 .comment       0x000000000000007e       0x7f /usr/local/mcuxpressoide-10.2.1_795/ide/tools/bin/../lib/gcc/arm-none-eabi/7.2.1/../../../../arm-none-eabi/lib/thumb/v7-m/libcr_c.a(_cr_check_heap.o)
 .comment       0x000000000000007e       0x7f /usr/local/mcuxpressoide-10.2.1_795/ide/tools/bin/../lib/gcc/arm-none-eabi/7.2.1/thumb/v7-m/libcr_eabihelpers.a(double.o)
 .comment       0x000000000000007e       0x7f /usr/local/mcuxpressoide-10.2.1_795/ide/tools/bin/../lib/gcc/arm-none-eabi/7.2.1/../../../../arm-none-eabi/lib/thumb/v7-m/libcr_semihost.a(__ciob.o)

.ARM.attributes
                0x0000000000000000       0x31
 .ARM.attributes
                0x0000000000000000       0x33 ./src/cr_startup_lpc13uxx.o
 .ARM.attributes
                0x0000000000000033       0x33 ./src/crp.o
 .ARM.attributes
                0x0000000000000066       0x33 ./src/spi.o
 .ARM.attributes
                0x0000000000000099       0x33 ./src/sysinit.o
 .ARM.attributes
                0x00000000000000cc       0x33 /home/sobriodev/Documents/MCUXpresso_10.2.1_795/workspace/lpc_board_nxp_lpcxpresso_1347/Debug/liblpc_board_nxp_lpcxpresso_1347.a(board.o)
 .ARM.attributes
                0x00000000000000ff       0x33 /home/sobriodev/Documents/MCUXpresso_10.2.1_795/workspace/lpc_board_nxp_lpcxpresso_1347/Debug/liblpc_board_nxp_lpcxpresso_1347.a(board_sysinit.o)
 .ARM.attributes
                0x0000000000000132       0x33 /home/sobriodev/Documents/MCUXpresso_10.2.1_795/workspace/lpc_chip_13xx/Debug/liblpc_chip_13xx.a(chip_13xx.o)
 .ARM.attributes
                0x0000000000000165       0x33 /home/sobriodev/Documents/MCUXpresso_10.2.1_795/workspace/lpc_chip_13xx/Debug/liblpc_chip_13xx.a(clock_13xx.o)
 .ARM.attributes
                0x0000000000000198       0x33 /home/sobriodev/Documents/MCUXpresso_10.2.1_795/workspace/lpc_chip_13xx/Debug/liblpc_chip_13xx.a(gpio_13xx_1.o)
 .ARM.attributes
                0x00000000000001cb       0x33 /home/sobriodev/Documents/MCUXpresso_10.2.1_795/workspace/lpc_chip_13xx/Debug/liblpc_chip_13xx.a(iocon_13xx.o)
 .ARM.attributes
                0x00000000000001fe       0x33 /home/sobriodev/Documents/MCUXpresso_10.2.1_795/workspace/lpc_chip_13xx/Debug/liblpc_chip_13xx.a(ssp_13xx.o)
 .ARM.attributes
                0x0000000000000231       0x33 /home/sobriodev/Documents/MCUXpresso_10.2.1_795/workspace/lpc_chip_13xx/Debug/liblpc_chip_13xx.a(sysctl_13xx.o)
 .ARM.attributes
                0x0000000000000264       0x33 /home/sobriodev/Documents/MCUXpresso_10.2.1_795/workspace/lpc_chip_13xx/Debug/liblpc_chip_13xx.a(sysinit_13xx.o)
 .ARM.attributes
                0x0000000000000297       0x33 /usr/local/mcuxpressoide-10.2.1_795/ide/tools/bin/../lib/gcc/arm-none-eabi/7.2.1/../../../../arm-none-eabi/lib/thumb/v7-m/libcr_semihost.a(_cr__main.o)
 .ARM.attributes
                0x00000000000002ca       0x33 /usr/local/mcuxpressoide-10.2.1_795/ide/tools/bin/../lib/gcc/arm-none-eabi/7.2.1/../../../../arm-none-eabi/lib/thumb/v7-m/libcr_c.a(fpprintf.o)
 .ARM.attributes
                0x00000000000002fd       0x33 /usr/local/mcuxpressoide-10.2.1_795/ide/tools/bin/../lib/gcc/arm-none-eabi/7.2.1/../../../../arm-none-eabi/lib/thumb/v7-m/libcr_c.a(initio.o)
 .ARM.attributes
                0x0000000000000330       0x33 /usr/local/mcuxpressoide-10.2.1_795/ide/tools/bin/../lib/gcc/arm-none-eabi/7.2.1/../../../../arm-none-eabi/lib/thumb/v7-m/libcr_c.a(printf.o)
 .ARM.attributes
                0x0000000000000363       0x33 /usr/local/mcuxpressoide-10.2.1_795/ide/tools/bin/../lib/gcc/arm-none-eabi/7.2.1/../../../../arm-none-eabi/lib/thumb/v7-m/libcr_c.a(setvbuf.o)
 .ARM.attributes
                0x0000000000000396       0x33 /usr/local/mcuxpressoide-10.2.1_795/ide/tools/bin/../lib/gcc/arm-none-eabi/7.2.1/../../../../arm-none-eabi/lib/thumb/v7-m/libcr_c.a(strlen.o)
 .ARM.attributes
                0x00000000000003c9       0x33 /usr/local/mcuxpressoide-10.2.1_795/ide/tools/bin/../lib/gcc/arm-none-eabi/7.2.1/../../../../arm-none-eabi/lib/thumb/v7-m/libcr_c.a(memset.o)
 .ARM.attributes
                0x00000000000003fc       0x33 /usr/local/mcuxpressoide-10.2.1_795/ide/tools/bin/../lib/gcc/arm-none-eabi/7.2.1/../../../../arm-none-eabi/lib/thumb/v7-m/libcr_c.a(_deferredlazyseek.o)
 .ARM.attributes
                0x000000000000042f       0x33 /usr/local/mcuxpressoide-10.2.1_795/ide/tools/bin/../lib/gcc/arm-none-eabi/7.2.1/../../../../arm-none-eabi/lib/thumb/v7-m/libcr_c.a(_fdopen.o)
 .ARM.attributes
                0x0000000000000462       0x33 /usr/local/mcuxpressoide-10.2.1_795/ide/tools/bin/../lib/gcc/arm-none-eabi/7.2.1/../../../../arm-none-eabi/lib/thumb/v7-m/libcr_c.a(_fflush.o)
 .ARM.attributes
                0x0000000000000495       0x33 /usr/local/mcuxpressoide-10.2.1_795/ide/tools/bin/../lib/gcc/arm-none-eabi/7.2.1/../../../../arm-none-eabi/lib/thumb/v7-m/libcr_c.a(_frexpl.o)
 .ARM.attributes
                0x00000000000004c8       0x33 /usr/local/mcuxpressoide-10.2.1_795/ide/tools/bin/../lib/gcc/arm-none-eabi/7.2.1/../../../../arm-none-eabi/lib/thumb/v7-m/libcr_c.a(_ldexpl.o)
 .ARM.attributes
                0x00000000000004fb       0x33 /usr/local/mcuxpressoide-10.2.1_795/ide/tools/bin/../lib/gcc/arm-none-eabi/7.2.1/../../../../arm-none-eabi/lib/thumb/v7-m/libcr_c.a(_writebuf.o)
 .ARM.attributes
                0x000000000000052e       0x33 /usr/local/mcuxpressoide-10.2.1_795/ide/tools/bin/../lib/gcc/arm-none-eabi/7.2.1/../../../../arm-none-eabi/lib/thumb/v7-m/libcr_c.a(alloc.o)
 .ARM.attributes
                0x0000000000000561       0x33 /usr/local/mcuxpressoide-10.2.1_795/ide/tools/bin/../lib/gcc/arm-none-eabi/7.2.1/../../../../arm-none-eabi/lib/thumb/v7-m/libcr_c.a(errno.o)
 .ARM.attributes
                0x0000000000000594       0x33 /usr/local/mcuxpressoide-10.2.1_795/ide/tools/bin/../lib/gcc/arm-none-eabi/7.2.1/../../../../arm-none-eabi/lib/thumb/v7-m/libcr_c.a(fclose.o)
 .ARM.attributes
                0x00000000000005c7       0x33 /usr/local/mcuxpressoide-10.2.1_795/ide/tools/bin/../lib/gcc/arm-none-eabi/7.2.1/../../../../arm-none-eabi/lib/thumb/v7-m/libcr_c.a(fflush.o)
 .ARM.attributes
                0x00000000000005fa       0x33 /usr/local/mcuxpressoide-10.2.1_795/ide/tools/bin/../lib/gcc/arm-none-eabi/7.2.1/../../../../arm-none-eabi/lib/thumb/v7-m/libcr_c.a(fseek.o)
 .ARM.attributes
                0x000000000000062d       0x33 /usr/local/mcuxpressoide-10.2.1_795/ide/tools/bin/../lib/gcc/arm-none-eabi/7.2.1/../../../../arm-none-eabi/lib/thumb/v7-m/libcr_c.a(ftell.o)
 .ARM.attributes
                0x0000000000000660       0x33 /usr/local/mcuxpressoide-10.2.1_795/ide/tools/bin/../lib/gcc/arm-none-eabi/7.2.1/../../../../arm-none-eabi/lib/thumb/v7-m/libcr_c.a(remove.o)
 .ARM.attributes
                0x0000000000000693       0x33 /usr/local/mcuxpressoide-10.2.1_795/ide/tools/bin/../lib/gcc/arm-none-eabi/7.2.1/../../../../arm-none-eabi/lib/thumb/v7-m/libcr_c.a(__init_alloc.o)
 .ARM.attributes
                0x00000000000006c6       0x33 /usr/local/mcuxpressoide-10.2.1_795/ide/tools/bin/../lib/gcc/arm-none-eabi/7.2.1/../../../../arm-none-eabi/lib/thumb/v7-m/libcr_c.a(_cr_sbrk.o)
 .ARM.attributes
                0x00000000000006f9       0x33 /usr/local/mcuxpressoide-10.2.1_795/ide/tools/bin/../lib/gcc/arm-none-eabi/7.2.1/../../../../arm-none-eabi/lib/thumb/v7-m/libcr_c.a(_do_fflush.o)
 .ARM.attributes
                0x000000000000072c       0x33 /usr/local/mcuxpressoide-10.2.1_795/ide/tools/bin/../lib/gcc/arm-none-eabi/7.2.1/../../../../arm-none-eabi/lib/thumb/v7-m/libcr_c.a(_hugeval.o)
 .ARM.attributes
                0x000000000000075f       0x33 /usr/local/mcuxpressoide-10.2.1_795/ide/tools/bin/../lib/gcc/arm-none-eabi/7.2.1/../../../../arm-none-eabi/lib/thumb/v7-m/libcr_c.a(_cr_check_heap.o)
 .ARM.attributes
                0x0000000000000792       0x33 /usr/local/mcuxpressoide-10.2.1_795/ide/tools/bin/../lib/gcc/arm-none-eabi/7.2.1/thumb/v7-m/libcr_eabihelpers.a(double.o)
 .ARM.attributes
                0x00000000000007c5       0x21 /usr/local/mcuxpressoide-10.2.1_795/ide/tools/bin/../lib/gcc/arm-none-eabi/7.2.1/thumb/v7-m/libcr_eabihelpers.a(memcpy.o)
 .ARM.attributes
                0x00000000000007e6       0x33 /usr/local/mcuxpressoide-10.2.1_795/ide/tools/bin/../lib/gcc/arm-none-eabi/7.2.1/../../../../arm-none-eabi/lib/thumb/v7-m/libcr_semihost.a(__ciob.o)
 .ARM.attributes
                0x0000000000000819       0x21 /usr/local/mcuxpressoide-10.2.1_795/ide/tools/bin/../lib/gcc/arm-none-eabi/7.2.1/../../../../arm-none-eabi/lib/thumb/v7-m/libcr_semihost.a(__sys_appexit.o)
 .ARM.attributes
                0x000000000000083a       0x21 /usr/local/mcuxpressoide-10.2.1_795/ide/tools/bin/../lib/gcc/arm-none-eabi/7.2.1/../../../../arm-none-eabi/lib/thumb/v7-m/libcr_semihost.a(__sys_close.o)
 .ARM.attributes
                0x000000000000085b       0x21 /usr/local/mcuxpressoide-10.2.1_795/ide/tools/bin/../lib/gcc/arm-none-eabi/7.2.1/../../../../arm-none-eabi/lib/thumb/v7-m/libcr_semihost.a(__sys_flen.o)
 .ARM.attributes
                0x000000000000087c       0x21 /usr/local/mcuxpressoide-10.2.1_795/ide/tools/bin/../lib/gcc/arm-none-eabi/7.2.1/../../../../arm-none-eabi/lib/thumb/v7-m/libcr_semihost.a(__sys_istty.o)
 .ARM.attributes
                0x000000000000089d       0x21 /usr/local/mcuxpressoide-10.2.1_795/ide/tools/bin/../lib/gcc/arm-none-eabi/7.2.1/../../../../arm-none-eabi/lib/thumb/v7-m/libcr_semihost.a(__sys_remove.o)
 .ARM.attributes
                0x00000000000008be       0x21 /usr/local/mcuxpressoide-10.2.1_795/ide/tools/bin/../lib/gcc/arm-none-eabi/7.2.1/../../../../arm-none-eabi/lib/thumb/v7-m/libcr_semihost.a(__sys_seek.o)
 .ARM.attributes
                0x00000000000008df       0x21 /usr/local/mcuxpressoide-10.2.1_795/ide/tools/bin/../lib/gcc/arm-none-eabi/7.2.1/../../../../arm-none-eabi/lib/thumb/v7-m/libcr_semihost.a(__sys_tmpnam.o)
 .ARM.attributes
                0x0000000000000900       0x21 /usr/local/mcuxpressoide-10.2.1_795/ide/tools/bin/../lib/gcc/arm-none-eabi/7.2.1/../../../../arm-none-eabi/lib/thumb/v7-m/libcr_semihost.a(__sys_write.o)

.debug_frame    0x0000000000000000     0x13f0
 .debug_frame   0x0000000000000000      0x170 ./src/cr_startup_lpc13uxx.o
 .debug_frame   0x0000000000000170      0x1a0 ./src/spi.o
 .debug_frame   0x0000000000000310       0x2c ./src/sysinit.o
 .debug_frame   0x000000000000033c      0x388 /home/sobriodev/Documents/MCUXpresso_10.2.1_795/workspace/lpc_board_nxp_lpcxpresso_1347/Debug/liblpc_board_nxp_lpcxpresso_1347.a(board.o)
 .debug_frame   0x00000000000006c4       0xd8 /home/sobriodev/Documents/MCUXpresso_10.2.1_795/workspace/lpc_board_nxp_lpcxpresso_1347/Debug/liblpc_board_nxp_lpcxpresso_1347.a(board_sysinit.o)
 .debug_frame   0x000000000000079c       0x90 /home/sobriodev/Documents/MCUXpresso_10.2.1_795/workspace/lpc_chip_13xx/Debug/liblpc_chip_13xx.a(chip_13xx.o)
 .debug_frame   0x000000000000082c      0x274 /home/sobriodev/Documents/MCUXpresso_10.2.1_795/workspace/lpc_chip_13xx/Debug/liblpc_chip_13xx.a(clock_13xx.o)
 .debug_frame   0x0000000000000aa0      0x1e0 /home/sobriodev/Documents/MCUXpresso_10.2.1_795/workspace/lpc_chip_13xx/Debug/liblpc_chip_13xx.a(gpio_13xx_1.o)
 .debug_frame   0x0000000000000c80       0x38 /home/sobriodev/Documents/MCUXpresso_10.2.1_795/workspace/lpc_chip_13xx/Debug/liblpc_chip_13xx.a(iocon_13xx.o)
 .debug_frame   0x0000000000000cb8      0x584 /home/sobriodev/Documents/MCUXpresso_10.2.1_795/workspace/lpc_chip_13xx/Debug/liblpc_chip_13xx.a(ssp_13xx.o)
 .debug_frame   0x000000000000123c       0xb0 /home/sobriodev/Documents/MCUXpresso_10.2.1_795/workspace/lpc_chip_13xx/Debug/liblpc_chip_13xx.a(sysctl_13xx.o)
 .debug_frame   0x00000000000012ec      0x104 /home/sobriodev/Documents/MCUXpresso_10.2.1_795/workspace/lpc_chip_13xx/Debug/liblpc_chip_13xx.a(sysinit_13xx.o)
